[0.080s] DEBUG:colcon:Command line arguments: ['/usr/bin/colcon', 'list', '-p', '--base-paths', '/home/swati/Quad_DR/RotorTM']
[0.080s] DEBUG:colcon:Parsed command line arguments: Namespace(log_base=None, log_level=None, verb_name='list', build_base='build', ignore_user_meta=False, metas=['./colcon.meta'], base_paths=['/home/swati/Quad_DR/RotorTM'], packages_ignore=None, packages_ignore_regex=None, paths=None, packages_up_to=None, packages_up_to_regex=None, packages_above=None, packages_above_and_dependencies=None, packages_above_depth=None, packages_select_by_dep=None, packages_skip_by_dep=None, packages_skip_up_to=None, packages_select_build_failed=False, packages_skip_build_finished=False, packages_select_test_failures=False, packages_skip_test_passed=False, packages_select=None, packages_skip=None, packages_select_regex=None, packages_skip_regex=None, packages_start=None, packages_end=None, allow_overriding=[], topological_order=False, names_only=False, paths_only=True, topological_graph=False, topological_graph_dot=False, topological_graph_density=False, topological_graph_legend=False, topological_graph_dot_cluster=False, topological_graph_dot_include_skipped=False, mixin_files=None, mixin=None, verb_parser=<colcon_mixin.mixin.mixin_argument.MixinArgumentDecorator object at 0x7f09ec38f850>, verb_extension=<colcon_package_information.verb.list.ListVerb object at 0x7f09ec38e8c0>, main=<bound method ListVerb.main of <colcon_package_information.verb.list.ListVerb object at 0x7f09ec38e8c0>>, mixin_verb=('list',))
[0.108s] Level 1:colcon.colcon_core.package_discovery:discover_packages(colcon_meta) check parameters
[0.108s] Level 1:colcon.colcon_core.package_discovery:discover_packages(recursive) check parameters
[0.108s] Level 1:colcon.colcon_core.package_discovery:discover_packages(ignore) check parameters
[0.108s] Level 1:colcon.colcon_core.package_discovery:discover_packages(path) check parameters
[0.108s] Level 1:colcon.colcon_core.package_discovery:discover_packages(recursive) discover
[0.108s] INFO:colcon.colcon_core.package_discovery:Crawling recursively for packages in '/home/swati/Quad_DR/RotorTM'
[0.108s] Level 1:colcon.colcon_core.package_identification:_identify(/home/swati/Quad_DR/RotorTM) by extensions ['ignore', 'ignore_ament_install']
[0.109s] Level 1:colcon.colcon_core.package_identification:_identify(/home/swati/Quad_DR/RotorTM) by extension 'ignore'
[0.109s] Level 1:colcon.colcon_core.package_identification:_identify(/home/swati/Quad_DR/RotorTM) by extension 'ignore_ament_install'
[0.109s] Level 1:colcon.colcon_core.package_identification:_identify(/home/swati/Quad_DR/RotorTM) by extensions ['colcon_pkg']
[0.109s] Level 1:colcon.colcon_core.package_identification:_identify(/home/swati/Quad_DR/RotorTM) by extension 'colcon_pkg'
[0.109s] Level 1:colcon.colcon_core.package_identification:_identify(/home/swati/Quad_DR/RotorTM) by extensions ['colcon_meta']
[0.109s] Level 1:colcon.colcon_core.package_identification:_identify(/home/swati/Quad_DR/RotorTM) by extension 'colcon_meta'
[0.109s] Level 1:colcon.colcon_core.package_identification:_identify(/home/swati/Quad_DR/RotorTM) by extensions ['ros']
[0.109s] Level 1:colcon.colcon_core.package_identification:_identify(/home/swati/Quad_DR/RotorTM) by extension 'ros'
[0.120s] Level 1:colcon.colcon_core.package_identification:_identify(/home/swati/Quad_DR/RotorTM) by extensions ['cmake', 'python']
[0.120s] Level 1:colcon.colcon_core.package_identification:_identify(/home/swati/Quad_DR/RotorTM) by extension 'cmake'
[0.120s] Level 1:colcon.colcon_core.package_identification:_identify(/home/swati/Quad_DR/RotorTM) by extension 'python'
[0.120s] Level 1:colcon.colcon_core.package_identification:_identify(/home/swati/Quad_DR/RotorTM) by extensions ['python_setup_py']
[0.120s] Level 1:colcon.colcon_core.package_identification:_identify(/home/swati/Quad_DR/RotorTM) by extension 'python_setup_py'
[0.120s] Level 1:colcon.colcon_core.package_identification:_identify(/home/swati/Quad_DR/RotorTM/build) by extensions ['ignore', 'ignore_ament_install']
[0.120s] Level 1:colcon.colcon_core.package_identification:_identify(/home/swati/Quad_DR/RotorTM/build) by extension 'ignore'
[0.120s] Level 1:colcon.colcon_core.package_identification:_identify(/home/swati/Quad_DR/RotorTM/build) ignored
[0.120s] Level 1:colcon.colcon_core.package_identification:_identify(/home/swati/Quad_DR/RotorTM/install) by extensions ['ignore', 'ignore_ament_install']
[0.120s] Level 1:colcon.colcon_core.package_identification:_identify(/home/swati/Quad_DR/RotorTM/install) by extension 'ignore'
[0.120s] Level 1:colcon.colcon_core.package_identification:_identify(/home/swati/Quad_DR/RotorTM/install) ignored
[0.120s] Level 1:colcon.colcon_core.package_identification:_identify(/home/swati/Quad_DR/RotorTM/log) by extensions ['ignore', 'ignore_ament_install']
[0.120s] Level 1:colcon.colcon_core.package_identification:_identify(/home/swati/Quad_DR/RotorTM/log) by extension 'ignore'
[0.120s] Level 1:colcon.colcon_core.package_identification:_identify(/home/swati/Quad_DR/RotorTM/log) ignored
[0.120s] Level 1:colcon.colcon_core.package_identification:_identify(/home/swati/Quad_DR/RotorTM/src) by extensions ['ignore', 'ignore_ament_install']
[0.120s] Level 1:colcon.colcon_core.package_identification:_identify(/home/swati/Quad_DR/RotorTM/src) by extension 'ignore'
[0.120s] Level 1:colcon.colcon_core.package_identification:_identify(/home/swati/Quad_DR/RotorTM/src) by extension 'ignore_ament_install'
[0.120s] Level 1:colcon.colcon_core.package_identification:_identify(/home/swati/Quad_DR/RotorTM/src) by extensions ['colcon_pkg']
[0.120s] Level 1:colcon.colcon_core.package_identification:_identify(/home/swati/Quad_DR/RotorTM/src) by extension 'colcon_pkg'
[0.120s] Level 1:colcon.colcon_core.package_identification:_identify(/home/swati/Quad_DR/RotorTM/src) by extensions ['colcon_meta']
[0.120s] Level 1:colcon.colcon_core.package_identification:_identify(/home/swati/Quad_DR/RotorTM/src) by extension 'colcon_meta'
[0.121s] Level 1:colcon.colcon_core.package_identification:_identify(/home/swati/Quad_DR/RotorTM/src) by extensions ['ros']
[0.121s] Level 1:colcon.colcon_core.package_identification:_identify(/home/swati/Quad_DR/RotorTM/src) by extension 'ros'
[0.121s] Level 1:colcon.colcon_core.package_identification:_identify(/home/swati/Quad_DR/RotorTM/src) by extensions ['cmake', 'python']
[0.121s] Level 1:colcon.colcon_core.package_identification:_identify(/home/swati/Quad_DR/RotorTM/src) by extension 'cmake'
[0.121s] Level 1:colcon.colcon_core.package_identification:_identify(/home/swati/Quad_DR/RotorTM/src) by extension 'python'
[0.121s] Level 1:colcon.colcon_core.package_identification:_identify(/home/swati/Quad_DR/RotorTM/src) by extensions ['python_setup_py']
[0.121s] Level 1:colcon.colcon_core.package_identification:_identify(/home/swati/Quad_DR/RotorTM/src) by extension 'python_setup_py'
[0.121s] Level 1:colcon.colcon_core.package_identification:_identify(/home/swati/Quad_DR/RotorTM/src/doc) by extensions ['ignore', 'ignore_ament_install']
[0.121s] Level 1:colcon.colcon_core.package_identification:_identify(/home/swati/Quad_DR/RotorTM/src/doc) by extension 'ignore'
[0.121s] Level 1:colcon.colcon_core.package_identification:_identify(/home/swati/Quad_DR/RotorTM/src/doc) by extension 'ignore_ament_install'
[0.121s] Level 1:colcon.colcon_core.package_identification:_identify(/home/swati/Quad_DR/RotorTM/src/doc) by extensions ['colcon_pkg']
[0.121s] Level 1:colcon.colcon_core.package_identification:_identify(/home/swati/Quad_DR/RotorTM/src/doc) by extension 'colcon_pkg'
[0.121s] Level 1:colcon.colcon_core.package_identification:_identify(/home/swati/Quad_DR/RotorTM/src/doc) by extensions ['colcon_meta']
[0.121s] Level 1:colcon.colcon_core.package_identification:_identify(/home/swati/Quad_DR/RotorTM/src/doc) by extension 'colcon_meta'
[0.121s] Level 1:colcon.colcon_core.package_identification:_identify(/home/swati/Quad_DR/RotorTM/src/doc) by extensions ['ros']
[0.121s] Level 1:colcon.colcon_core.package_identification:_identify(/home/swati/Quad_DR/RotorTM/src/doc) by extension 'ros'
[0.121s] Level 1:colcon.colcon_core.package_identification:_identify(/home/swati/Quad_DR/RotorTM/src/doc) by extensions ['cmake', 'python']
[0.121s] Level 1:colcon.colcon_core.package_identification:_identify(/home/swati/Quad_DR/RotorTM/src/doc) by extension 'cmake'
[0.121s] Level 1:colcon.colcon_core.package_identification:_identify(/home/swati/Quad_DR/RotorTM/src/doc) by extension 'python'
[0.121s] Level 1:colcon.colcon_core.package_identification:_identify(/home/swati/Quad_DR/RotorTM/src/doc) by extensions ['python_setup_py']
[0.121s] Level 1:colcon.colcon_core.package_identification:_identify(/home/swati/Quad_DR/RotorTM/src/doc) by extension 'python_setup_py'
[0.121s] Level 1:colcon.colcon_core.package_identification:_identify(/home/swati/Quad_DR/RotorTM/src/payload_control) by extensions ['ignore', 'ignore_ament_install']
[0.121s] Level 1:colcon.colcon_core.package_identification:_identify(/home/swati/Quad_DR/RotorTM/src/payload_control) by extension 'ignore'
[0.121s] Level 1:colcon.colcon_core.package_identification:_identify(/home/swati/Quad_DR/RotorTM/src/payload_control) by extension 'ignore_ament_install'
[0.121s] Level 1:colcon.colcon_core.package_identification:_identify(/home/swati/Quad_DR/RotorTM/src/payload_control) by extensions ['colcon_pkg']
[0.121s] Level 1:colcon.colcon_core.package_identification:_identify(/home/swati/Quad_DR/RotorTM/src/payload_control) by extension 'colcon_pkg'
[0.121s] Level 1:colcon.colcon_core.package_identification:_identify(/home/swati/Quad_DR/RotorTM/src/payload_control) by extensions ['colcon_meta']
[0.121s] Level 1:colcon.colcon_core.package_identification:_identify(/home/swati/Quad_DR/RotorTM/src/payload_control) by extension 'colcon_meta'
[0.121s] Level 1:colcon.colcon_core.package_identification:_identify(/home/swati/Quad_DR/RotorTM/src/payload_control) by extensions ['ros']
[0.121s] Level 1:colcon.colcon_core.package_identification:_identify(/home/swati/Quad_DR/RotorTM/src/payload_control) by extension 'ros'
[0.121s] Level 1:colcon.colcon_core.package_identification:_identify(/home/swati/Quad_DR/RotorTM/src/payload_control) by extensions ['cmake', 'python']
[0.121s] Level 1:colcon.colcon_core.package_identification:_identify(/home/swati/Quad_DR/RotorTM/src/payload_control) by extension 'cmake'
[0.121s] Level 1:colcon.colcon_core.package_identification:_identify(/home/swati/Quad_DR/RotorTM/src/payload_control) by extension 'python'
[0.121s] Level 1:colcon.colcon_core.package_identification:_identify(/home/swati/Quad_DR/RotorTM/src/payload_control) by extensions ['python_setup_py']
[0.121s] Level 1:colcon.colcon_core.package_identification:_identify(/home/swati/Quad_DR/RotorTM/src/payload_control) by extension 'python_setup_py'
[0.121s] Level 1:colcon.colcon_core.package_identification:_identify(/home/swati/Quad_DR/RotorTM/src/payload_control/payload_control) by extensions ['ignore', 'ignore_ament_install']
[0.122s] Level 1:colcon.colcon_core.package_identification:_identify(/home/swati/Quad_DR/RotorTM/src/payload_control/payload_control) by extension 'ignore'
[0.122s] Level 1:colcon.colcon_core.package_identification:_identify(/home/swati/Quad_DR/RotorTM/src/payload_control/payload_control) by extension 'ignore_ament_install'
[0.122s] Level 1:colcon.colcon_core.package_identification:_identify(/home/swati/Quad_DR/RotorTM/src/payload_control/payload_control) by extensions ['colcon_pkg']
[0.122s] Level 1:colcon.colcon_core.package_identification:_identify(/home/swati/Quad_DR/RotorTM/src/payload_control/payload_control) by extension 'colcon_pkg'
[0.122s] Level 1:colcon.colcon_core.package_identification:_identify(/home/swati/Quad_DR/RotorTM/src/payload_control/payload_control) by extensions ['colcon_meta']
[0.122s] Level 1:colcon.colcon_core.package_identification:_identify(/home/swati/Quad_DR/RotorTM/src/payload_control/payload_control) by extension 'colcon_meta'
[0.122s] Level 1:colcon.colcon_core.package_identification:_identify(/home/swati/Quad_DR/RotorTM/src/payload_control/payload_control) by extensions ['ros']
[0.122s] Level 1:colcon.colcon_core.package_identification:_identify(/home/swati/Quad_DR/RotorTM/src/payload_control/payload_control) by extension 'ros'
[0.122s] Level 1:colcon.colcon_core.package_identification:_identify(/home/swati/Quad_DR/RotorTM/src/payload_control/payload_control) by extensions ['cmake', 'python']
[0.122s] Level 1:colcon.colcon_core.package_identification:_identify(/home/swati/Quad_DR/RotorTM/src/payload_control/payload_control) by extension 'cmake'
[0.122s] Level 1:colcon.colcon_core.package_identification:_identify(/home/swati/Quad_DR/RotorTM/src/payload_control/payload_control) by extension 'python'
[0.122s] Level 1:colcon.colcon_core.package_identification:_identify(/home/swati/Quad_DR/RotorTM/src/payload_control/payload_control) by extensions ['python_setup_py']
[0.122s] Level 1:colcon.colcon_core.package_identification:_identify(/home/swati/Quad_DR/RotorTM/src/payload_control/payload_control) by extension 'python_setup_py'
[0.122s] Level 1:colcon.colcon_core.package_identification:_identify(/home/swati/Quad_DR/RotorTM/src/payload_control/payload_control/c_generated_code) by extensions ['ignore', 'ignore_ament_install']
[0.122s] Level 1:colcon.colcon_core.package_identification:_identify(/home/swati/Quad_DR/RotorTM/src/payload_control/payload_control/c_generated_code) by extension 'ignore'
[0.122s] Level 1:colcon.colcon_core.package_identification:_identify(/home/swati/Quad_DR/RotorTM/src/payload_control/payload_control/c_generated_code) by extension 'ignore_ament_install'
[0.122s] Level 1:colcon.colcon_core.package_identification:_identify(/home/swati/Quad_DR/RotorTM/src/payload_control/payload_control/c_generated_code) by extensions ['colcon_pkg']
[0.122s] Level 1:colcon.colcon_core.package_identification:_identify(/home/swati/Quad_DR/RotorTM/src/payload_control/payload_control/c_generated_code) by extension 'colcon_pkg'
[0.122s] Level 1:colcon.colcon_core.package_identification:_identify(/home/swati/Quad_DR/RotorTM/src/payload_control/payload_control/c_generated_code) by extensions ['colcon_meta']
[0.122s] Level 1:colcon.colcon_core.package_identification:_identify(/home/swati/Quad_DR/RotorTM/src/payload_control/payload_control/c_generated_code) by extension 'colcon_meta'
[0.122s] Level 1:colcon.colcon_core.package_identification:_identify(/home/swati/Quad_DR/RotorTM/src/payload_control/payload_control/c_generated_code) by extensions ['ros']
[0.122s] Level 1:colcon.colcon_core.package_identification:_identify(/home/swati/Quad_DR/RotorTM/src/payload_control/payload_control/c_generated_code) by extension 'ros'
[0.122s] Level 1:colcon.colcon_core.package_identification:_identify(/home/swati/Quad_DR/RotorTM/src/payload_control/payload_control/c_generated_code) by extensions ['cmake', 'python']
[0.122s] Level 1:colcon.colcon_core.package_identification:_identify(/home/swati/Quad_DR/RotorTM/src/payload_control/payload_control/c_generated_code) by extension 'cmake'
[0.122s] Level 1:colcon.colcon_core.package_identification:_identify(/home/swati/Quad_DR/RotorTM/src/payload_control/payload_control/c_generated_code) by extension 'python'
[0.122s] Level 1:colcon.colcon_core.package_identification:_identify(/home/swati/Quad_DR/RotorTM/src/payload_control/payload_control/c_generated_code) by extensions ['python_setup_py']
[0.122s] Level 1:colcon.colcon_core.package_identification:_identify(/home/swati/Quad_DR/RotorTM/src/payload_control/payload_control/c_generated_code) by extension 'python_setup_py'
[0.122s] Level 1:colcon.colcon_core.package_identification:_identify(/home/swati/Quad_DR/RotorTM/src/payload_control/payload_control/c_generated_code/CBF_model) by extensions ['ignore', 'ignore_ament_install']
[0.123s] Level 1:colcon.colcon_core.package_identification:_identify(/home/swati/Quad_DR/RotorTM/src/payload_control/payload_control/c_generated_code/CBF_model) by extension 'ignore'
[0.123s] Level 1:colcon.colcon_core.package_identification:_identify(/home/swati/Quad_DR/RotorTM/src/payload_control/payload_control/c_generated_code/CBF_model) by extension 'ignore_ament_install'
[0.123s] Level 1:colcon.colcon_core.package_identification:_identify(/home/swati/Quad_DR/RotorTM/src/payload_control/payload_control/c_generated_code/CBF_model) by extensions ['colcon_pkg']
[0.123s] Level 1:colcon.colcon_core.package_identification:_identify(/home/swati/Quad_DR/RotorTM/src/payload_control/payload_control/c_generated_code/CBF_model) by extension 'colcon_pkg'
[0.123s] Level 1:colcon.colcon_core.package_identification:_identify(/home/swati/Quad_DR/RotorTM/src/payload_control/payload_control/c_generated_code/CBF_model) by extensions ['colcon_meta']
[0.123s] Level 1:colcon.colcon_core.package_identification:_identify(/home/swati/Quad_DR/RotorTM/src/payload_control/payload_control/c_generated_code/CBF_model) by extension 'colcon_meta'
[0.123s] Level 1:colcon.colcon_core.package_identification:_identify(/home/swati/Quad_DR/RotorTM/src/payload_control/payload_control/c_generated_code/CBF_model) by extensions ['ros']
[0.123s] Level 1:colcon.colcon_core.package_identification:_identify(/home/swati/Quad_DR/RotorTM/src/payload_control/payload_control/c_generated_code/CBF_model) by extension 'ros'
[0.123s] Level 1:colcon.colcon_core.package_identification:_identify(/home/swati/Quad_DR/RotorTM/src/payload_control/payload_control/c_generated_code/CBF_model) by extensions ['cmake', 'python']
[0.123s] Level 1:colcon.colcon_core.package_identification:_identify(/home/swati/Quad_DR/RotorTM/src/payload_control/payload_control/c_generated_code/CBF_model) by extension 'cmake'
[0.123s] Level 1:colcon.colcon_core.package_identification:_identify(/home/swati/Quad_DR/RotorTM/src/payload_control/payload_control/c_generated_code/CBF_model) by extension 'python'
[0.124s] Level 1:colcon.colcon_core.package_identification:_identify(/home/swati/Quad_DR/RotorTM/src/payload_control/payload_control/c_generated_code/CBF_model) by extensions ['python_setup_py']
[0.124s] Level 1:colcon.colcon_core.package_identification:_identify(/home/swati/Quad_DR/RotorTM/src/payload_control/payload_control/c_generated_code/CBF_model) by extension 'python_setup_py'
[0.124s] Level 1:colcon.colcon_core.package_identification:_identify(/home/swati/Quad_DR/RotorTM/src/payload_control/payload_control/c_generated_code/CBF_payload_obs_model) by extensions ['ignore', 'ignore_ament_install']
[0.124s] Level 1:colcon.colcon_core.package_identification:_identify(/home/swati/Quad_DR/RotorTM/src/payload_control/payload_control/c_generated_code/CBF_payload_obs_model) by extension 'ignore'
[0.124s] Level 1:colcon.colcon_core.package_identification:_identify(/home/swati/Quad_DR/RotorTM/src/payload_control/payload_control/c_generated_code/CBF_payload_obs_model) by extension 'ignore_ament_install'
[0.124s] Level 1:colcon.colcon_core.package_identification:_identify(/home/swati/Quad_DR/RotorTM/src/payload_control/payload_control/c_generated_code/CBF_payload_obs_model) by extensions ['colcon_pkg']
[0.124s] Level 1:colcon.colcon_core.package_identification:_identify(/home/swati/Quad_DR/RotorTM/src/payload_control/payload_control/c_generated_code/CBF_payload_obs_model) by extension 'colcon_pkg'
[0.124s] Level 1:colcon.colcon_core.package_identification:_identify(/home/swati/Quad_DR/RotorTM/src/payload_control/payload_control/c_generated_code/CBF_payload_obs_model) by extensions ['colcon_meta']
[0.124s] Level 1:colcon.colcon_core.package_identification:_identify(/home/swati/Quad_DR/RotorTM/src/payload_control/payload_control/c_generated_code/CBF_payload_obs_model) by extension 'colcon_meta'
[0.124s] Level 1:colcon.colcon_core.package_identification:_identify(/home/swati/Quad_DR/RotorTM/src/payload_control/payload_control/c_generated_code/CBF_payload_obs_model) by extensions ['ros']
[0.124s] Level 1:colcon.colcon_core.package_identification:_identify(/home/swati/Quad_DR/RotorTM/src/payload_control/payload_control/c_generated_code/CBF_payload_obs_model) by extension 'ros'
[0.124s] Level 1:colcon.colcon_core.package_identification:_identify(/home/swati/Quad_DR/RotorTM/src/payload_control/payload_control/c_generated_code/CBF_payload_obs_model) by extensions ['cmake', 'python']
[0.124s] Level 1:colcon.colcon_core.package_identification:_identify(/home/swati/Quad_DR/RotorTM/src/payload_control/payload_control/c_generated_code/CBF_payload_obs_model) by extension 'cmake'
[0.124s] Level 1:colcon.colcon_core.package_identification:_identify(/home/swati/Quad_DR/RotorTM/src/payload_control/payload_control/c_generated_code/CBF_payload_obs_model) by extension 'python'
[0.124s] Level 1:colcon.colcon_core.package_identification:_identify(/home/swati/Quad_DR/RotorTM/src/payload_control/payload_control/c_generated_code/CBF_payload_obs_model) by extensions ['python_setup_py']
[0.124s] Level 1:colcon.colcon_core.package_identification:_identify(/home/swati/Quad_DR/RotorTM/src/payload_control/payload_control/c_generated_code/CBF_payload_obs_model) by extension 'python_setup_py'
[0.124s] Level 1:colcon.colcon_core.package_identification:_identify(/home/swati/Quad_DR/RotorTM/src/rotor_tm_config) by extensions ['ignore', 'ignore_ament_install']
[0.124s] Level 1:colcon.colcon_core.package_identification:_identify(/home/swati/Quad_DR/RotorTM/src/rotor_tm_config) by extension 'ignore'
[0.124s] Level 1:colcon.colcon_core.package_identification:_identify(/home/swati/Quad_DR/RotorTM/src/rotor_tm_config) by extension 'ignore_ament_install'
[0.124s] Level 1:colcon.colcon_core.package_identification:_identify(/home/swati/Quad_DR/RotorTM/src/rotor_tm_config) by extensions ['colcon_pkg']
[0.124s] Level 1:colcon.colcon_core.package_identification:_identify(/home/swati/Quad_DR/RotorTM/src/rotor_tm_config) by extension 'colcon_pkg'
[0.124s] Level 1:colcon.colcon_core.package_identification:_identify(/home/swati/Quad_DR/RotorTM/src/rotor_tm_config) by extensions ['colcon_meta']
[0.124s] Level 1:colcon.colcon_core.package_identification:_identify(/home/swati/Quad_DR/RotorTM/src/rotor_tm_config) by extension 'colcon_meta'
[0.124s] Level 1:colcon.colcon_core.package_identification:_identify(/home/swati/Quad_DR/RotorTM/src/rotor_tm_config) by extensions ['ros']
[0.124s] Level 1:colcon.colcon_core.package_identification:_identify(/home/swati/Quad_DR/RotorTM/src/rotor_tm_config) by extension 'ros'
[0.126s] DEBUG:colcon.colcon_core.package_identification:Package '/home/swati/Quad_DR/RotorTM/src/rotor_tm_config' with type 'ros.ament_python' and name 'rotor_tm_config'
[0.127s] Level 1:colcon.colcon_core.package_identification:_identify(/home/swati/Quad_DR/RotorTM/src/rotor_tm_control) by extensions ['ignore', 'ignore_ament_install']
[0.127s] Level 1:colcon.colcon_core.package_identification:_identify(/home/swati/Quad_DR/RotorTM/src/rotor_tm_control) by extension 'ignore'
[0.127s] Level 1:colcon.colcon_core.package_identification:_identify(/home/swati/Quad_DR/RotorTM/src/rotor_tm_control) by extension 'ignore_ament_install'
[0.127s] Level 1:colcon.colcon_core.package_identification:_identify(/home/swati/Quad_DR/RotorTM/src/rotor_tm_control) by extensions ['colcon_pkg']
[0.127s] Level 1:colcon.colcon_core.package_identification:_identify(/home/swati/Quad_DR/RotorTM/src/rotor_tm_control) by extension 'colcon_pkg'
[0.127s] Level 1:colcon.colcon_core.package_identification:_identify(/home/swati/Quad_DR/RotorTM/src/rotor_tm_control) by extensions ['colcon_meta']
[0.127s] Level 1:colcon.colcon_core.package_identification:_identify(/home/swati/Quad_DR/RotorTM/src/rotor_tm_control) by extension 'colcon_meta'
[0.127s] Level 1:colcon.colcon_core.package_identification:_identify(/home/swati/Quad_DR/RotorTM/src/rotor_tm_control) by extensions ['ros']
[0.127s] Level 1:colcon.colcon_core.package_identification:_identify(/home/swati/Quad_DR/RotorTM/src/rotor_tm_control) by extension 'ros'
[0.127s] DEBUG:colcon.colcon_core.package_identification:Package '/home/swati/Quad_DR/RotorTM/src/rotor_tm_control' with type 'ros.ament_python' and name 'rotor_tm_control'
[0.127s] Level 1:colcon.colcon_core.package_identification:_identify(/home/swati/Quad_DR/RotorTM/src/rotor_tm_keyboard2wrench) by extensions ['ignore', 'ignore_ament_install']
[0.128s] Level 1:colcon.colcon_core.package_identification:_identify(/home/swati/Quad_DR/RotorTM/src/rotor_tm_keyboard2wrench) by extension 'ignore'
[0.128s] Level 1:colcon.colcon_core.package_identification:_identify(/home/swati/Quad_DR/RotorTM/src/rotor_tm_keyboard2wrench) by extension 'ignore_ament_install'
[0.128s] Level 1:colcon.colcon_core.package_identification:_identify(/home/swati/Quad_DR/RotorTM/src/rotor_tm_keyboard2wrench) by extensions ['colcon_pkg']
[0.128s] Level 1:colcon.colcon_core.package_identification:_identify(/home/swati/Quad_DR/RotorTM/src/rotor_tm_keyboard2wrench) by extension 'colcon_pkg'
[0.128s] Level 1:colcon.colcon_core.package_identification:_identify(/home/swati/Quad_DR/RotorTM/src/rotor_tm_keyboard2wrench) by extensions ['colcon_meta']
[0.128s] Level 1:colcon.colcon_core.package_identification:_identify(/home/swati/Quad_DR/RotorTM/src/rotor_tm_keyboard2wrench) by extension 'colcon_meta'
[0.128s] Level 1:colcon.colcon_core.package_identification:_identify(/home/swati/Quad_DR/RotorTM/src/rotor_tm_keyboard2wrench) by extensions ['ros']
[0.128s] Level 1:colcon.colcon_core.package_identification:_identify(/home/swati/Quad_DR/RotorTM/src/rotor_tm_keyboard2wrench) by extension 'ros'
[0.128s] DEBUG:colcon.colcon_core.package_identification:Package '/home/swati/Quad_DR/RotorTM/src/rotor_tm_keyboard2wrench' with type 'ros.ament_python' and name 'rotor_tm_keyboard2wrench'
[0.128s] Level 1:colcon.colcon_core.package_identification:_identify(/home/swati/Quad_DR/RotorTM/src/rotor_tm_msgs) by extensions ['ignore', 'ignore_ament_install']
[0.128s] Level 1:colcon.colcon_core.package_identification:_identify(/home/swati/Quad_DR/RotorTM/src/rotor_tm_msgs) by extension 'ignore'
[0.128s] Level 1:colcon.colcon_core.package_identification:_identify(/home/swati/Quad_DR/RotorTM/src/rotor_tm_msgs) by extension 'ignore_ament_install'
[0.128s] Level 1:colcon.colcon_core.package_identification:_identify(/home/swati/Quad_DR/RotorTM/src/rotor_tm_msgs) by extensions ['colcon_pkg']
[0.128s] Level 1:colcon.colcon_core.package_identification:_identify(/home/swati/Quad_DR/RotorTM/src/rotor_tm_msgs) by extension 'colcon_pkg'
[0.128s] Level 1:colcon.colcon_core.package_identification:_identify(/home/swati/Quad_DR/RotorTM/src/rotor_tm_msgs) by extensions ['colcon_meta']
[0.128s] Level 1:colcon.colcon_core.package_identification:_identify(/home/swati/Quad_DR/RotorTM/src/rotor_tm_msgs) by extension 'colcon_meta'
[0.128s] Level 1:colcon.colcon_core.package_identification:_identify(/home/swati/Quad_DR/RotorTM/src/rotor_tm_msgs) by extensions ['ros']
[0.128s] Level 1:colcon.colcon_core.package_identification:_identify(/home/swati/Quad_DR/RotorTM/src/rotor_tm_msgs) by extension 'ros'
[0.129s] DEBUG:colcon.colcon_core.package_identification:Package '/home/swati/Quad_DR/RotorTM/src/rotor_tm_msgs' with type 'ros.ament_cmake' and name 'rotor_tm_msgs'
[0.129s] Level 1:colcon.colcon_core.package_identification:_identify(/home/swati/Quad_DR/RotorTM/src/rotor_tm_sim) by extensions ['ignore', 'ignore_ament_install']
[0.129s] Level 1:colcon.colcon_core.package_identification:_identify(/home/swati/Quad_DR/RotorTM/src/rotor_tm_sim) by extension 'ignore'
[0.129s] Level 1:colcon.colcon_core.package_identification:_identify(/home/swati/Quad_DR/RotorTM/src/rotor_tm_sim) by extension 'ignore_ament_install'
[0.129s] Level 1:colcon.colcon_core.package_identification:_identify(/home/swati/Quad_DR/RotorTM/src/rotor_tm_sim) by extensions ['colcon_pkg']
[0.129s] Level 1:colcon.colcon_core.package_identification:_identify(/home/swati/Quad_DR/RotorTM/src/rotor_tm_sim) by extension 'colcon_pkg'
[0.129s] Level 1:colcon.colcon_core.package_identification:_identify(/home/swati/Quad_DR/RotorTM/src/rotor_tm_sim) by extensions ['colcon_meta']
[0.129s] Level 1:colcon.colcon_core.package_identification:_identify(/home/swati/Quad_DR/RotorTM/src/rotor_tm_sim) by extension 'colcon_meta'
[0.129s] Level 1:colcon.colcon_core.package_identification:_identify(/home/swati/Quad_DR/RotorTM/src/rotor_tm_sim) by extensions ['ros']
[0.129s] Level 1:colcon.colcon_core.package_identification:_identify(/home/swati/Quad_DR/RotorTM/src/rotor_tm_sim) by extension 'ros'
[0.130s] DEBUG:colcon.colcon_core.package_identification:Package '/home/swati/Quad_DR/RotorTM/src/rotor_tm_sim' with type 'ros.ament_python' and name 'rotor_tm_sim'
[0.130s] Level 1:colcon.colcon_core.package_identification:_identify(/home/swati/Quad_DR/RotorTM/src/rotor_tm_traj) by extensions ['ignore', 'ignore_ament_install']
[0.130s] Level 1:colcon.colcon_core.package_identification:_identify(/home/swati/Quad_DR/RotorTM/src/rotor_tm_traj) by extension 'ignore'
[0.130s] Level 1:colcon.colcon_core.package_identification:_identify(/home/swati/Quad_DR/RotorTM/src/rotor_tm_traj) by extension 'ignore_ament_install'
[0.130s] Level 1:colcon.colcon_core.package_identification:_identify(/home/swati/Quad_DR/RotorTM/src/rotor_tm_traj) by extensions ['colcon_pkg']
[0.130s] Level 1:colcon.colcon_core.package_identification:_identify(/home/swati/Quad_DR/RotorTM/src/rotor_tm_traj) by extension 'colcon_pkg'
[0.130s] Level 1:colcon.colcon_core.package_identification:_identify(/home/swati/Quad_DR/RotorTM/src/rotor_tm_traj) by extensions ['colcon_meta']
[0.130s] Level 1:colcon.colcon_core.package_identification:_identify(/home/swati/Quad_DR/RotorTM/src/rotor_tm_traj) by extension 'colcon_meta'
[0.130s] Level 1:colcon.colcon_core.package_identification:_identify(/home/swati/Quad_DR/RotorTM/src/rotor_tm_traj) by extensions ['ros']
[0.130s] Level 1:colcon.colcon_core.package_identification:_identify(/home/swati/Quad_DR/RotorTM/src/rotor_tm_traj) by extension 'ros'
[0.131s] DEBUG:colcon.colcon_core.package_identification:Package '/home/swati/Quad_DR/RotorTM/src/rotor_tm_traj' with type 'ros.ament_python' and name 'rotor_tm_traj'
[0.131s] Level 1:colcon.colcon_core.package_identification:_identify(/home/swati/Quad_DR/RotorTM/src/rotor_tm_utils) by extensions ['ignore', 'ignore_ament_install']
[0.131s] Level 1:colcon.colcon_core.package_identification:_identify(/home/swati/Quad_DR/RotorTM/src/rotor_tm_utils) by extension 'ignore'
[0.131s] Level 1:colcon.colcon_core.package_identification:_identify(/home/swati/Quad_DR/RotorTM/src/rotor_tm_utils) by extension 'ignore_ament_install'
[0.131s] Level 1:colcon.colcon_core.package_identification:_identify(/home/swati/Quad_DR/RotorTM/src/rotor_tm_utils) by extensions ['colcon_pkg']
[0.131s] Level 1:colcon.colcon_core.package_identification:_identify(/home/swati/Quad_DR/RotorTM/src/rotor_tm_utils) by extension 'colcon_pkg'
[0.131s] Level 1:colcon.colcon_core.package_identification:_identify(/home/swati/Quad_DR/RotorTM/src/rotor_tm_utils) by extensions ['colcon_meta']
[0.131s] Level 1:colcon.colcon_core.package_identification:_identify(/home/swati/Quad_DR/RotorTM/src/rotor_tm_utils) by extension 'colcon_meta'
[0.131s] Level 1:colcon.colcon_core.package_identification:_identify(/home/swati/Quad_DR/RotorTM/src/rotor_tm_utils) by extensions ['ros']
[0.131s] Level 1:colcon.colcon_core.package_identification:_identify(/home/swati/Quad_DR/RotorTM/src/rotor_tm_utils) by extension 'ros'
[0.131s] DEBUG:colcon.colcon_core.package_identification:Package '/home/swati/Quad_DR/RotorTM/src/rotor_tm_utils' with type 'ros.ament_python' and name 'rotor_tm_utils'
[0.131s] Level 1:colcon.colcon_core.package_discovery:discover_packages(recursive) using defaults
