[1.189s] Invoking command in '/home/swati/Quad_DR/RotorTM/src/rotor_tm_utils': PYTHONPATH=/home/swati/Quad_DR/RotorTM/build/rotor_tm_utils/prefix_override:/usr/lib/python3/dist-packages/colcon_core/task/python/colcon_distutils_commands:/home/swati/Quad_DR/RotorTM/install/rotor_tm_utils/lib/python3.10/site-packages:${PYTHONPATH} /usr/bin/python3 -W ignore:setup.py install is deprecated setup.py egg_info --egg-base ../../build/rotor_tm_utils build --build-base /home/swati/Quad_DR/RotorTM/build/rotor_tm_utils/build install --record /home/swati/Quad_DR/RotorTM/build/rotor_tm_utils/install.log --single-version-externally-managed install_data
[1.291s] /home/swati/.local/lib/python3.10/site-packages/setuptools/_distutils/dist.py:261: UserWarning: Unknown distribution option: 'tests_require'
[1.291s]   warnings.warn(msg)
[1.371s] running egg_info
[1.381s] creating ../../build/rotor_tm_utils/rotor_tm_utils.egg-info
[1.381s] writing ../../build/rotor_tm_utils/rotor_tm_utils.egg-info/PKG-INFO
[1.381s] writing dependency_links to ../../build/rotor_tm_utils/rotor_tm_utils.egg-info/dependency_links.txt
[1.381s] writing requirements to ../../build/rotor_tm_utils/rotor_tm_utils.egg-info/requires.txt
[1.382s] writing top-level names to ../../build/rotor_tm_utils/rotor_tm_utils.egg-info/top_level.txt
[1.382s] writing manifest file '../../build/rotor_tm_utils/rotor_tm_utils.egg-info/SOURCES.txt'
[1.413s] reading manifest file '../../build/rotor_tm_utils/rotor_tm_utils.egg-info/SOURCES.txt'
[1.413s] adding license file 'LICENSE'
[1.414s] writing manifest file '../../build/rotor_tm_utils/rotor_tm_utils.egg-info/SOURCES.txt'
[1.414s] running build
[1.414s] running build_py
[1.414s] creating /home/swati/Quad_DR/RotorTM/build/rotor_tm_utils/build/lib/rotor_tm_utils
[1.414s] copying rotor_tm_utils/RPYtoRot_ZXY.py -> /home/swati/Quad_DR/RotorTM/build/rotor_tm_utils/build/lib/rotor_tm_utils
[1.414s] copying rotor_tm_utils/rosutilslib.py -> /home/swati/Quad_DR/RotorTM/build/rotor_tm_utils/build/lib/rotor_tm_utils
[1.414s] copying rotor_tm_utils/vec2asym.py -> /home/swati/Quad_DR/RotorTM/build/rotor_tm_utils/build/lib/rotor_tm_utils
[1.414s] copying rotor_tm_utils/__init__.py -> /home/swati/Quad_DR/RotorTM/build/rotor_tm_utils/build/lib/rotor_tm_utils
[1.415s] copying rotor_tm_utils/QuatToRot.py -> /home/swati/Quad_DR/RotorTM/build/rotor_tm_utils/build/lib/rotor_tm_utils
[1.415s] copying rotor_tm_utils/utilslib.py -> /home/swati/Quad_DR/RotorTM/build/rotor_tm_utils/build/lib/rotor_tm_utils
[1.415s] copying rotor_tm_utils/vee.py -> /home/swati/Quad_DR/RotorTM/build/rotor_tm_utils/build/lib/rotor_tm_utils
[1.415s] copying rotor_tm_utils/RotToRPY_ZXY.py -> /home/swati/Quad_DR/RotorTM/build/rotor_tm_utils/build/lib/rotor_tm_utils
[1.415s] copying rotor_tm_utils/read_params.py -> /home/swati/Quad_DR/RotorTM/build/rotor_tm_utils/build/lib/rotor_tm_utils
[1.415s] running install
[1.418s] running install_lib
[1.428s] creating /home/swati/Quad_DR/RotorTM/install/rotor_tm_utils/lib/python3.10/site-packages/rotor_tm_utils
[1.428s] copying /home/swati/Quad_DR/RotorTM/build/rotor_tm_utils/build/lib/rotor_tm_utils/RPYtoRot_ZXY.py -> /home/swati/Quad_DR/RotorTM/install/rotor_tm_utils/lib/python3.10/site-packages/rotor_tm_utils
[1.428s] copying /home/swati/Quad_DR/RotorTM/build/rotor_tm_utils/build/lib/rotor_tm_utils/rosutilslib.py -> /home/swati/Quad_DR/RotorTM/install/rotor_tm_utils/lib/python3.10/site-packages/rotor_tm_utils
[1.428s] copying /home/swati/Quad_DR/RotorTM/build/rotor_tm_utils/build/lib/rotor_tm_utils/vec2asym.py -> /home/swati/Quad_DR/RotorTM/install/rotor_tm_utils/lib/python3.10/site-packages/rotor_tm_utils
[1.429s] copying /home/swati/Quad_DR/RotorTM/build/rotor_tm_utils/build/lib/rotor_tm_utils/__init__.py -> /home/swati/Quad_DR/RotorTM/install/rotor_tm_utils/lib/python3.10/site-packages/rotor_tm_utils
[1.429s] copying /home/swati/Quad_DR/RotorTM/build/rotor_tm_utils/build/lib/rotor_tm_utils/QuatToRot.py -> /home/swati/Quad_DR/RotorTM/install/rotor_tm_utils/lib/python3.10/site-packages/rotor_tm_utils
[1.429s] copying /home/swati/Quad_DR/RotorTM/build/rotor_tm_utils/build/lib/rotor_tm_utils/utilslib.py -> /home/swati/Quad_DR/RotorTM/install/rotor_tm_utils/lib/python3.10/site-packages/rotor_tm_utils
[1.429s] copying /home/swati/Quad_DR/RotorTM/build/rotor_tm_utils/build/lib/rotor_tm_utils/vee.py -> /home/swati/Quad_DR/RotorTM/install/rotor_tm_utils/lib/python3.10/site-packages/rotor_tm_utils
[1.429s] copying /home/swati/Quad_DR/RotorTM/build/rotor_tm_utils/build/lib/rotor_tm_utils/RotToRPY_ZXY.py -> /home/swati/Quad_DR/RotorTM/install/rotor_tm_utils/lib/python3.10/site-packages/rotor_tm_utils
[1.429s] copying /home/swati/Quad_DR/RotorTM/build/rotor_tm_utils/build/lib/rotor_tm_utils/read_params.py -> /home/swati/Quad_DR/RotorTM/install/rotor_tm_utils/lib/python3.10/site-packages/rotor_tm_utils
[1.429s] byte-compiling /home/swati/Quad_DR/RotorTM/install/rotor_tm_utils/lib/python3.10/site-packages/rotor_tm_utils/RPYtoRot_ZXY.py to RPYtoRot_ZXY.cpython-310.pyc
[1.429s] byte-compiling /home/swati/Quad_DR/RotorTM/install/rotor_tm_utils/lib/python3.10/site-packages/rotor_tm_utils/rosutilslib.py to rosutilslib.cpython-310.pyc
[1.430s] byte-compiling /home/swati/Quad_DR/RotorTM/install/rotor_tm_utils/lib/python3.10/site-packages/rotor_tm_utils/vec2asym.py to vec2asym.cpython-310.pyc
[1.430s] byte-compiling /home/swati/Quad_DR/RotorTM/install/rotor_tm_utils/lib/python3.10/site-packages/rotor_tm_utils/__init__.py to __init__.cpython-310.pyc
[1.430s] byte-compiling /home/swati/Quad_DR/RotorTM/install/rotor_tm_utils/lib/python3.10/site-packages/rotor_tm_utils/QuatToRot.py to QuatToRot.cpython-310.pyc
[1.430s] byte-compiling /home/swati/Quad_DR/RotorTM/install/rotor_tm_utils/lib/python3.10/site-packages/rotor_tm_utils/utilslib.py to utilslib.cpython-310.pyc
[1.431s] byte-compiling /home/swati/Quad_DR/RotorTM/install/rotor_tm_utils/lib/python3.10/site-packages/rotor_tm_utils/vee.py to vee.cpython-310.pyc
[1.431s] byte-compiling /home/swati/Quad_DR/RotorTM/install/rotor_tm_utils/lib/python3.10/site-packages/rotor_tm_utils/RotToRPY_ZXY.py to RotToRPY_ZXY.cpython-310.pyc
[1.431s] byte-compiling /home/swati/Quad_DR/RotorTM/install/rotor_tm_utils/lib/python3.10/site-packages/rotor_tm_utils/read_params.py to read_params.cpython-310.pyc
[1.433s] running install_data
[1.433s] creating /home/swati/Quad_DR/RotorTM/install/rotor_tm_utils/share/ament_index/resource_index/packages
[1.433s] copying resource/rotor_tm_utils -> /home/swati/Quad_DR/RotorTM/install/rotor_tm_utils/share/ament_index/resource_index/packages
[1.433s] copying package.xml -> /home/swati/Quad_DR/RotorTM/install/rotor_tm_utils/share/rotor_tm_utils
[1.433s] running install_egg_info
[1.445s] Copying ../../build/rotor_tm_utils/rotor_tm_utils.egg-info to /home/swati/Quad_DR/RotorTM/install/rotor_tm_utils/lib/python3.10/site-packages/rotor_tm_utils-0.0.0-py3.10.egg-info
[1.445s] running install_scripts
[1.529s] writing list of installed files to '/home/swati/Quad_DR/RotorTM/build/rotor_tm_utils/install.log'
[1.566s] Invoked command in '/home/swati/Quad_DR/RotorTM/src/rotor_tm_utils' returned '0': PYTHONPATH=/home/swati/Quad_DR/RotorTM/build/rotor_tm_utils/prefix_override:/usr/lib/python3/dist-packages/colcon_core/task/python/colcon_distutils_commands:/home/swati/Quad_DR/RotorTM/install/rotor_tm_utils/lib/python3.10/site-packages:${PYTHONPATH} /usr/bin/python3 -W ignore:setup.py install is deprecated setup.py egg_info --egg-base ../../build/rotor_tm_utils build --build-base /home/swati/Quad_DR/RotorTM/build/rotor_tm_utils/build install --record /home/swati/Quad_DR/RotorTM/build/rotor_tm_utils/install.log --single-version-externally-managed install_data
