[0.089s] DEBUG:colcon:Command line arguments: ['/usr/bin/colcon', 'build']
[0.089s] DEBUG:colcon:Parsed command line arguments: Namespace(log_base=None, log_level=None, verb_name='build', build_base='build', install_base='install', merge_install=False, symlink_install=False, test_result_base=None, continue_on_error=False, executor='parallel', parallel_workers=20, event_handlers=None, ignore_user_meta=False, metas=['./colcon.meta'], base_paths=['.'], packages_ignore=None, packages_ignore_regex=None, paths=None, packages_up_to=None, packages_up_to_regex=None, packages_above=None, packages_above_and_dependencies=None, packages_above_depth=None, packages_select_by_dep=None, packages_skip_by_dep=None, packages_skip_up_to=None, packages_select_build_failed=False, packages_skip_build_finished=False, packages_select_test_failures=False, packages_skip_test_passed=False, packages_select=None, packages_skip=None, packages_select_regex=None, packages_skip_regex=None, packages_start=None, packages_end=None, allow_overriding=[], cmake_args=None, cmake_target=None, cmake_target_skip_unavailable=False, cmake_clean_cache=False, cmake_clean_first=False, cmake_force_configure=False, ament_cmake_args=None, catkin_cmake_args=None, catkin_skip_building_tests=False, mixin_files=None, mixin=None, verb_parser=<colcon_mixin.mixin.mixin_argument.MixinArgumentDecorator object at 0x7719e543e5c0>, verb_extension=<colcon_core.verb.build.BuildVerb object at 0x7719e559b370>, main=<bound method BuildVerb.main of <colcon_core.verb.build.BuildVerb object at 0x7719e559b370>>, mixin_verb=('build',))
[0.124s] Level 1:colcon.colcon_core.package_discovery:discover_packages(colcon_meta) check parameters
[0.124s] Level 1:colcon.colcon_core.package_discovery:discover_packages(recursive) check parameters
[0.124s] Level 1:colcon.colcon_core.package_discovery:discover_packages(ignore) check parameters
[0.124s] Level 1:colcon.colcon_core.package_discovery:discover_packages(path) check parameters
[0.124s] Level 1:colcon.colcon_core.package_discovery:discover_packages(colcon_meta) discover
[0.124s] Level 1:colcon.colcon_core.package_discovery:discover_packages(recursive) discover
[0.124s] INFO:colcon.colcon_core.package_discovery:Crawling recursively for packages in '/home/swati/Quad_DR/RotorTM'
[0.124s] Level 1:colcon.colcon_core.package_identification:_identify(.) by extensions ['ignore', 'ignore_ament_install']
[0.124s] Level 1:colcon.colcon_core.package_identification:_identify(.) by extension 'ignore'
[0.124s] Level 1:colcon.colcon_core.package_identification:_identify(.) by extension 'ignore_ament_install'
[0.124s] Level 1:colcon.colcon_core.package_identification:_identify(.) by extensions ['colcon_pkg']
[0.124s] Level 1:colcon.colcon_core.package_identification:_identify(.) by extension 'colcon_pkg'
[0.124s] Level 1:colcon.colcon_core.package_identification:_identify(.) by extensions ['colcon_meta']
[0.124s] Level 1:colcon.colcon_core.package_identification:_identify(.) by extension 'colcon_meta'
[0.124s] Level 1:colcon.colcon_core.package_identification:_identify(.) by extensions ['ros']
[0.124s] Level 1:colcon.colcon_core.package_identification:_identify(.) by extension 'ros'
[0.135s] Level 1:colcon.colcon_core.package_identification:_identify(.) by extensions ['cmake', 'python']
[0.135s] Level 1:colcon.colcon_core.package_identification:_identify(.) by extension 'cmake'
[0.135s] Level 1:colcon.colcon_core.package_identification:_identify(.) by extension 'python'
[0.135s] Level 1:colcon.colcon_core.package_identification:_identify(.) by extensions ['python_setup_py']
[0.135s] Level 1:colcon.colcon_core.package_identification:_identify(.) by extension 'python_setup_py'
[0.135s] Level 1:colcon.colcon_core.package_identification:_identify(build) by extensions ['ignore', 'ignore_ament_install']
[0.135s] Level 1:colcon.colcon_core.package_identification:_identify(build) by extension 'ignore'
[0.135s] Level 1:colcon.colcon_core.package_identification:_identify(build) ignored
[0.135s] Level 1:colcon.colcon_core.package_identification:_identify(install) by extensions ['ignore', 'ignore_ament_install']
[0.135s] Level 1:colcon.colcon_core.package_identification:_identify(install) by extension 'ignore'
[0.135s] Level 1:colcon.colcon_core.package_identification:_identify(install) ignored
[0.135s] Level 1:colcon.colcon_core.package_identification:_identify(log) by extensions ['ignore', 'ignore_ament_install']
[0.135s] Level 1:colcon.colcon_core.package_identification:_identify(log) by extension 'ignore'
[0.135s] Level 1:colcon.colcon_core.package_identification:_identify(log) ignored
[0.135s] Level 1:colcon.colcon_core.package_identification:_identify(src) by extensions ['ignore', 'ignore_ament_install']
[0.135s] Level 1:colcon.colcon_core.package_identification:_identify(src) by extension 'ignore'
[0.135s] Level 1:colcon.colcon_core.package_identification:_identify(src) by extension 'ignore_ament_install'
[0.135s] Level 1:colcon.colcon_core.package_identification:_identify(src) by extensions ['colcon_pkg']
[0.135s] Level 1:colcon.colcon_core.package_identification:_identify(src) by extension 'colcon_pkg'
[0.135s] Level 1:colcon.colcon_core.package_identification:_identify(src) by extensions ['colcon_meta']
[0.135s] Level 1:colcon.colcon_core.package_identification:_identify(src) by extension 'colcon_meta'
[0.136s] Level 1:colcon.colcon_core.package_identification:_identify(src) by extensions ['ros']
[0.136s] Level 1:colcon.colcon_core.package_identification:_identify(src) by extension 'ros'
[0.136s] Level 1:colcon.colcon_core.package_identification:_identify(src) by extensions ['cmake', 'python']
[0.136s] Level 1:colcon.colcon_core.package_identification:_identify(src) by extension 'cmake'
[0.136s] Level 1:colcon.colcon_core.package_identification:_identify(src) by extension 'python'
[0.136s] Level 1:colcon.colcon_core.package_identification:_identify(src) by extensions ['python_setup_py']
[0.136s] Level 1:colcon.colcon_core.package_identification:_identify(src) by extension 'python_setup_py'
[0.136s] Level 1:colcon.colcon_core.package_identification:_identify(src/doc) by extensions ['ignore', 'ignore_ament_install']
[0.136s] Level 1:colcon.colcon_core.package_identification:_identify(src/doc) by extension 'ignore'
[0.136s] Level 1:colcon.colcon_core.package_identification:_identify(src/doc) by extension 'ignore_ament_install'
[0.136s] Level 1:colcon.colcon_core.package_identification:_identify(src/doc) by extensions ['colcon_pkg']
[0.136s] Level 1:colcon.colcon_core.package_identification:_identify(src/doc) by extension 'colcon_pkg'
[0.136s] Level 1:colcon.colcon_core.package_identification:_identify(src/doc) by extensions ['colcon_meta']
[0.136s] Level 1:colcon.colcon_core.package_identification:_identify(src/doc) by extension 'colcon_meta'
[0.136s] Level 1:colcon.colcon_core.package_identification:_identify(src/doc) by extensions ['ros']
[0.136s] Level 1:colcon.colcon_core.package_identification:_identify(src/doc) by extension 'ros'
[0.136s] Level 1:colcon.colcon_core.package_identification:_identify(src/doc) by extensions ['cmake', 'python']
[0.136s] Level 1:colcon.colcon_core.package_identification:_identify(src/doc) by extension 'cmake'
[0.136s] Level 1:colcon.colcon_core.package_identification:_identify(src/doc) by extension 'python'
[0.136s] Level 1:colcon.colcon_core.package_identification:_identify(src/doc) by extensions ['python_setup_py']
[0.136s] Level 1:colcon.colcon_core.package_identification:_identify(src/doc) by extension 'python_setup_py'
[0.136s] Level 1:colcon.colcon_core.package_identification:_identify(src/payload_control) by extensions ['ignore', 'ignore_ament_install']
[0.136s] Level 1:colcon.colcon_core.package_identification:_identify(src/payload_control) by extension 'ignore'
[0.136s] Level 1:colcon.colcon_core.package_identification:_identify(src/payload_control) by extension 'ignore_ament_install'
[0.136s] Level 1:colcon.colcon_core.package_identification:_identify(src/payload_control) by extensions ['colcon_pkg']
[0.136s] Level 1:colcon.colcon_core.package_identification:_identify(src/payload_control) by extension 'colcon_pkg'
[0.136s] Level 1:colcon.colcon_core.package_identification:_identify(src/payload_control) by extensions ['colcon_meta']
[0.136s] Level 1:colcon.colcon_core.package_identification:_identify(src/payload_control) by extension 'colcon_meta'
[0.136s] Level 1:colcon.colcon_core.package_identification:_identify(src/payload_control) by extensions ['ros']
[0.136s] Level 1:colcon.colcon_core.package_identification:_identify(src/payload_control) by extension 'ros'
[0.136s] Level 1:colcon.colcon_core.package_identification:_identify(src/payload_control) by extensions ['cmake', 'python']
[0.136s] Level 1:colcon.colcon_core.package_identification:_identify(src/payload_control) by extension 'cmake'
[0.136s] Level 1:colcon.colcon_core.package_identification:_identify(src/payload_control) by extension 'python'
[0.136s] Level 1:colcon.colcon_core.package_identification:_identify(src/payload_control) by extensions ['python_setup_py']
[0.136s] Level 1:colcon.colcon_core.package_identification:_identify(src/payload_control) by extension 'python_setup_py'
[0.136s] Level 1:colcon.colcon_core.package_identification:_identify(src/payload_control/payload_control) by extensions ['ignore', 'ignore_ament_install']
[0.136s] Level 1:colcon.colcon_core.package_identification:_identify(src/payload_control/payload_control) by extension 'ignore'
[0.136s] Level 1:colcon.colcon_core.package_identification:_identify(src/payload_control/payload_control) by extension 'ignore_ament_install'
[0.136s] Level 1:colcon.colcon_core.package_identification:_identify(src/payload_control/payload_control) by extensions ['colcon_pkg']
[0.136s] Level 1:colcon.colcon_core.package_identification:_identify(src/payload_control/payload_control) by extension 'colcon_pkg'
[0.137s] Level 1:colcon.colcon_core.package_identification:_identify(src/payload_control/payload_control) by extensions ['colcon_meta']
[0.137s] Level 1:colcon.colcon_core.package_identification:_identify(src/payload_control/payload_control) by extension 'colcon_meta'
[0.137s] Level 1:colcon.colcon_core.package_identification:_identify(src/payload_control/payload_control) by extensions ['ros']
[0.137s] Level 1:colcon.colcon_core.package_identification:_identify(src/payload_control/payload_control) by extension 'ros'
[0.137s] Level 1:colcon.colcon_core.package_identification:_identify(src/payload_control/payload_control) by extensions ['cmake', 'python']
[0.137s] Level 1:colcon.colcon_core.package_identification:_identify(src/payload_control/payload_control) by extension 'cmake'
[0.137s] Level 1:colcon.colcon_core.package_identification:_identify(src/payload_control/payload_control) by extension 'python'
[0.137s] Level 1:colcon.colcon_core.package_identification:_identify(src/payload_control/payload_control) by extensions ['python_setup_py']
[0.137s] Level 1:colcon.colcon_core.package_identification:_identify(src/payload_control/payload_control) by extension 'python_setup_py'
[0.137s] Level 1:colcon.colcon_core.package_identification:_identify(src/payload_control/payload_control/c_generated_code) by extensions ['ignore', 'ignore_ament_install']
[0.137s] Level 1:colcon.colcon_core.package_identification:_identify(src/payload_control/payload_control/c_generated_code) by extension 'ignore'
[0.137s] Level 1:colcon.colcon_core.package_identification:_identify(src/payload_control/payload_control/c_generated_code) by extension 'ignore_ament_install'
[0.137s] Level 1:colcon.colcon_core.package_identification:_identify(src/payload_control/payload_control/c_generated_code) by extensions ['colcon_pkg']
[0.137s] Level 1:colcon.colcon_core.package_identification:_identify(src/payload_control/payload_control/c_generated_code) by extension 'colcon_pkg'
[0.137s] Level 1:colcon.colcon_core.package_identification:_identify(src/payload_control/payload_control/c_generated_code) by extensions ['colcon_meta']
[0.137s] Level 1:colcon.colcon_core.package_identification:_identify(src/payload_control/payload_control/c_generated_code) by extension 'colcon_meta'
[0.137s] Level 1:colcon.colcon_core.package_identification:_identify(src/payload_control/payload_control/c_generated_code) by extensions ['ros']
[0.137s] Level 1:colcon.colcon_core.package_identification:_identify(src/payload_control/payload_control/c_generated_code) by extension 'ros'
[0.137s] Level 1:colcon.colcon_core.package_identification:_identify(src/payload_control/payload_control/c_generated_code) by extensions ['cmake', 'python']
[0.137s] Level 1:colcon.colcon_core.package_identification:_identify(src/payload_control/payload_control/c_generated_code) by extension 'cmake'
[0.137s] Level 1:colcon.colcon_core.package_identification:_identify(src/payload_control/payload_control/c_generated_code) by extension 'python'
[0.137s] Level 1:colcon.colcon_core.package_identification:_identify(src/payload_control/payload_control/c_generated_code) by extensions ['python_setup_py']
[0.137s] Level 1:colcon.colcon_core.package_identification:_identify(src/payload_control/payload_control/c_generated_code) by extension 'python_setup_py'
[0.137s] Level 1:colcon.colcon_core.package_identification:_identify(src/payload_control/payload_control/c_generated_code/CBF_model) by extensions ['ignore', 'ignore_ament_install']
[0.137s] Level 1:colcon.colcon_core.package_identification:_identify(src/payload_control/payload_control/c_generated_code/CBF_model) by extension 'ignore'
[0.137s] Level 1:colcon.colcon_core.package_identification:_identify(src/payload_control/payload_control/c_generated_code/CBF_model) by extension 'ignore_ament_install'
[0.137s] Level 1:colcon.colcon_core.package_identification:_identify(src/payload_control/payload_control/c_generated_code/CBF_model) by extensions ['colcon_pkg']
[0.137s] Level 1:colcon.colcon_core.package_identification:_identify(src/payload_control/payload_control/c_generated_code/CBF_model) by extension 'colcon_pkg'
[0.137s] Level 1:colcon.colcon_core.package_identification:_identify(src/payload_control/payload_control/c_generated_code/CBF_model) by extensions ['colcon_meta']
[0.137s] Level 1:colcon.colcon_core.package_identification:_identify(src/payload_control/payload_control/c_generated_code/CBF_model) by extension 'colcon_meta'
[0.137s] Level 1:colcon.colcon_core.package_identification:_identify(src/payload_control/payload_control/c_generated_code/CBF_model) by extensions ['ros']
[0.137s] Level 1:colcon.colcon_core.package_identification:_identify(src/payload_control/payload_control/c_generated_code/CBF_model) by extension 'ros'
[0.137s] Level 1:colcon.colcon_core.package_identification:_identify(src/payload_control/payload_control/c_generated_code/CBF_model) by extensions ['cmake', 'python']
[0.137s] Level 1:colcon.colcon_core.package_identification:_identify(src/payload_control/payload_control/c_generated_code/CBF_model) by extension 'cmake'
[0.137s] Level 1:colcon.colcon_core.package_identification:_identify(src/payload_control/payload_control/c_generated_code/CBF_model) by extension 'python'
[0.137s] Level 1:colcon.colcon_core.package_identification:_identify(src/payload_control/payload_control/c_generated_code/CBF_model) by extensions ['python_setup_py']
[0.137s] Level 1:colcon.colcon_core.package_identification:_identify(src/payload_control/payload_control/c_generated_code/CBF_model) by extension 'python_setup_py'
[0.138s] Level 1:colcon.colcon_core.package_identification:_identify(src/payload_control/payload_control/c_generated_code/CBF_payload_obs_model) by extensions ['ignore', 'ignore_ament_install']
[0.138s] Level 1:colcon.colcon_core.package_identification:_identify(src/payload_control/payload_control/c_generated_code/CBF_payload_obs_model) by extension 'ignore'
[0.138s] Level 1:colcon.colcon_core.package_identification:_identify(src/payload_control/payload_control/c_generated_code/CBF_payload_obs_model) by extension 'ignore_ament_install'
[0.138s] Level 1:colcon.colcon_core.package_identification:_identify(src/payload_control/payload_control/c_generated_code/CBF_payload_obs_model) by extensions ['colcon_pkg']
[0.138s] Level 1:colcon.colcon_core.package_identification:_identify(src/payload_control/payload_control/c_generated_code/CBF_payload_obs_model) by extension 'colcon_pkg'
[0.138s] Level 1:colcon.colcon_core.package_identification:_identify(src/payload_control/payload_control/c_generated_code/CBF_payload_obs_model) by extensions ['colcon_meta']
[0.138s] Level 1:colcon.colcon_core.package_identification:_identify(src/payload_control/payload_control/c_generated_code/CBF_payload_obs_model) by extension 'colcon_meta'
[0.138s] Level 1:colcon.colcon_core.package_identification:_identify(src/payload_control/payload_control/c_generated_code/CBF_payload_obs_model) by extensions ['ros']
[0.138s] Level 1:colcon.colcon_core.package_identification:_identify(src/payload_control/payload_control/c_generated_code/CBF_payload_obs_model) by extension 'ros'
[0.138s] Level 1:colcon.colcon_core.package_identification:_identify(src/payload_control/payload_control/c_generated_code/CBF_payload_obs_model) by extensions ['cmake', 'python']
[0.138s] Level 1:colcon.colcon_core.package_identification:_identify(src/payload_control/payload_control/c_generated_code/CBF_payload_obs_model) by extension 'cmake'
[0.138s] Level 1:colcon.colcon_core.package_identification:_identify(src/payload_control/payload_control/c_generated_code/CBF_payload_obs_model) by extension 'python'
[0.138s] Level 1:colcon.colcon_core.package_identification:_identify(src/payload_control/payload_control/c_generated_code/CBF_payload_obs_model) by extensions ['python_setup_py']
[0.138s] Level 1:colcon.colcon_core.package_identification:_identify(src/payload_control/payload_control/c_generated_code/CBF_payload_obs_model) by extension 'python_setup_py'
[0.138s] Level 1:colcon.colcon_core.package_identification:_identify(src/rotor_tm_config) by extensions ['ignore', 'ignore_ament_install']
[0.138s] Level 1:colcon.colcon_core.package_identification:_identify(src/rotor_tm_config) by extension 'ignore'
[0.138s] Level 1:colcon.colcon_core.package_identification:_identify(src/rotor_tm_config) by extension 'ignore_ament_install'
[0.138s] Level 1:colcon.colcon_core.package_identification:_identify(src/rotor_tm_config) by extensions ['colcon_pkg']
[0.138s] Level 1:colcon.colcon_core.package_identification:_identify(src/rotor_tm_config) by extension 'colcon_pkg'
[0.138s] Level 1:colcon.colcon_core.package_identification:_identify(src/rotor_tm_config) by extensions ['colcon_meta']
[0.138s] Level 1:colcon.colcon_core.package_identification:_identify(src/rotor_tm_config) by extension 'colcon_meta'
[0.138s] Level 1:colcon.colcon_core.package_identification:_identify(src/rotor_tm_config) by extensions ['ros']
[0.138s] Level 1:colcon.colcon_core.package_identification:_identify(src/rotor_tm_config) by extension 'ros'
[0.140s] DEBUG:colcon.colcon_core.package_identification:Package 'src/rotor_tm_config' with type 'ros.ament_python' and name 'rotor_tm_config'
[0.140s] Level 1:colcon.colcon_core.package_identification:_identify(src/rotor_tm_control) by extensions ['ignore', 'ignore_ament_install']
[0.140s] Level 1:colcon.colcon_core.package_identification:_identify(src/rotor_tm_control) by extension 'ignore'
[0.140s] Level 1:colcon.colcon_core.package_identification:_identify(src/rotor_tm_control) by extension 'ignore_ament_install'
[0.140s] Level 1:colcon.colcon_core.package_identification:_identify(src/rotor_tm_control) by extensions ['colcon_pkg']
[0.140s] Level 1:colcon.colcon_core.package_identification:_identify(src/rotor_tm_control) by extension 'colcon_pkg'
[0.140s] Level 1:colcon.colcon_core.package_identification:_identify(src/rotor_tm_control) by extensions ['colcon_meta']
[0.140s] Level 1:colcon.colcon_core.package_identification:_identify(src/rotor_tm_control) by extension 'colcon_meta'
[0.140s] Level 1:colcon.colcon_core.package_identification:_identify(src/rotor_tm_control) by extensions ['ros']
[0.140s] Level 1:colcon.colcon_core.package_identification:_identify(src/rotor_tm_control) by extension 'ros'
[0.141s] DEBUG:colcon.colcon_core.package_identification:Package 'src/rotor_tm_control' with type 'ros.ament_python' and name 'rotor_tm_control'
[0.141s] Level 1:colcon.colcon_core.package_identification:_identify(src/rotor_tm_keyboard2wrench) by extensions ['ignore', 'ignore_ament_install']
[0.141s] Level 1:colcon.colcon_core.package_identification:_identify(src/rotor_tm_keyboard2wrench) by extension 'ignore'
[0.141s] Level 1:colcon.colcon_core.package_identification:_identify(src/rotor_tm_keyboard2wrench) by extension 'ignore_ament_install'
[0.141s] Level 1:colcon.colcon_core.package_identification:_identify(src/rotor_tm_keyboard2wrench) by extensions ['colcon_pkg']
[0.141s] Level 1:colcon.colcon_core.package_identification:_identify(src/rotor_tm_keyboard2wrench) by extension 'colcon_pkg'
[0.141s] Level 1:colcon.colcon_core.package_identification:_identify(src/rotor_tm_keyboard2wrench) by extensions ['colcon_meta']
[0.141s] Level 1:colcon.colcon_core.package_identification:_identify(src/rotor_tm_keyboard2wrench) by extension 'colcon_meta'
[0.141s] Level 1:colcon.colcon_core.package_identification:_identify(src/rotor_tm_keyboard2wrench) by extensions ['ros']
[0.141s] Level 1:colcon.colcon_core.package_identification:_identify(src/rotor_tm_keyboard2wrench) by extension 'ros'
[0.142s] DEBUG:colcon.colcon_core.package_identification:Package 'src/rotor_tm_keyboard2wrench' with type 'ros.ament_python' and name 'rotor_tm_keyboard2wrench'
[0.142s] Level 1:colcon.colcon_core.package_identification:_identify(src/rotor_tm_msgs) by extensions ['ignore', 'ignore_ament_install']
[0.142s] Level 1:colcon.colcon_core.package_identification:_identify(src/rotor_tm_msgs) by extension 'ignore'
[0.142s] Level 1:colcon.colcon_core.package_identification:_identify(src/rotor_tm_msgs) by extension 'ignore_ament_install'
[0.142s] Level 1:colcon.colcon_core.package_identification:_identify(src/rotor_tm_msgs) by extensions ['colcon_pkg']
[0.142s] Level 1:colcon.colcon_core.package_identification:_identify(src/rotor_tm_msgs) by extension 'colcon_pkg'
[0.142s] Level 1:colcon.colcon_core.package_identification:_identify(src/rotor_tm_msgs) by extensions ['colcon_meta']
[0.142s] Level 1:colcon.colcon_core.package_identification:_identify(src/rotor_tm_msgs) by extension 'colcon_meta'
[0.142s] Level 1:colcon.colcon_core.package_identification:_identify(src/rotor_tm_msgs) by extensions ['ros']
[0.142s] Level 1:colcon.colcon_core.package_identification:_identify(src/rotor_tm_msgs) by extension 'ros'
[0.142s] DEBUG:colcon.colcon_core.package_identification:Package 'src/rotor_tm_msgs' with type 'ros.ament_cmake' and name 'rotor_tm_msgs'
[0.142s] Level 1:colcon.colcon_core.package_identification:_identify(src/rotor_tm_sim) by extensions ['ignore', 'ignore_ament_install']
[0.142s] Level 1:colcon.colcon_core.package_identification:_identify(src/rotor_tm_sim) by extension 'ignore'
[0.142s] Level 1:colcon.colcon_core.package_identification:_identify(src/rotor_tm_sim) by extension 'ignore_ament_install'
[0.142s] Level 1:colcon.colcon_core.package_identification:_identify(src/rotor_tm_sim) by extensions ['colcon_pkg']
[0.142s] Level 1:colcon.colcon_core.package_identification:_identify(src/rotor_tm_sim) by extension 'colcon_pkg'
[0.143s] Level 1:colcon.colcon_core.package_identification:_identify(src/rotor_tm_sim) by extensions ['colcon_meta']
[0.143s] Level 1:colcon.colcon_core.package_identification:_identify(src/rotor_tm_sim) by extension 'colcon_meta'
[0.143s] Level 1:colcon.colcon_core.package_identification:_identify(src/rotor_tm_sim) by extensions ['ros']
[0.143s] Level 1:colcon.colcon_core.package_identification:_identify(src/rotor_tm_sim) by extension 'ros'
[0.143s] DEBUG:colcon.colcon_core.package_identification:Package 'src/rotor_tm_sim' with type 'ros.ament_python' and name 'rotor_tm_sim'
[0.143s] Level 1:colcon.colcon_core.package_identification:_identify(src/rotor_tm_traj) by extensions ['ignore', 'ignore_ament_install']
[0.143s] Level 1:colcon.colcon_core.package_identification:_identify(src/rotor_tm_traj) by extension 'ignore'
[0.143s] Level 1:colcon.colcon_core.package_identification:_identify(src/rotor_tm_traj) by extension 'ignore_ament_install'
[0.143s] Level 1:colcon.colcon_core.package_identification:_identify(src/rotor_tm_traj) by extensions ['colcon_pkg']
[0.143s] Level 1:colcon.colcon_core.package_identification:_identify(src/rotor_tm_traj) by extension 'colcon_pkg'
[0.144s] Level 1:colcon.colcon_core.package_identification:_identify(src/rotor_tm_traj) by extensions ['colcon_meta']
[0.144s] Level 1:colcon.colcon_core.package_identification:_identify(src/rotor_tm_traj) by extension 'colcon_meta'
[0.144s] Level 1:colcon.colcon_core.package_identification:_identify(src/rotor_tm_traj) by extensions ['ros']
[0.144s] Level 1:colcon.colcon_core.package_identification:_identify(src/rotor_tm_traj) by extension 'ros'
[0.144s] DEBUG:colcon.colcon_core.package_identification:Package 'src/rotor_tm_traj' with type 'ros.ament_python' and name 'rotor_tm_traj'
[0.144s] Level 1:colcon.colcon_core.package_identification:_identify(src/rotor_tm_utils) by extensions ['ignore', 'ignore_ament_install']
[0.144s] Level 1:colcon.colcon_core.package_identification:_identify(src/rotor_tm_utils) by extension 'ignore'
[0.144s] Level 1:colcon.colcon_core.package_identification:_identify(src/rotor_tm_utils) by extension 'ignore_ament_install'
[0.144s] Level 1:colcon.colcon_core.package_identification:_identify(src/rotor_tm_utils) by extensions ['colcon_pkg']
[0.144s] Level 1:colcon.colcon_core.package_identification:_identify(src/rotor_tm_utils) by extension 'colcon_pkg'
[0.144s] Level 1:colcon.colcon_core.package_identification:_identify(src/rotor_tm_utils) by extensions ['colcon_meta']
[0.144s] Level 1:colcon.colcon_core.package_identification:_identify(src/rotor_tm_utils) by extension 'colcon_meta'
[0.144s] Level 1:colcon.colcon_core.package_identification:_identify(src/rotor_tm_utils) by extensions ['ros']
[0.144s] Level 1:colcon.colcon_core.package_identification:_identify(src/rotor_tm_utils) by extension 'ros'
[0.145s] DEBUG:colcon.colcon_core.package_identification:Package 'src/rotor_tm_utils' with type 'ros.ament_python' and name 'rotor_tm_utils'
[0.145s] Level 1:colcon.colcon_core.package_discovery:discover_packages(recursive) using defaults
[0.145s] Level 1:colcon.colcon_core.package_discovery:discover_packages(ignore) discover
[0.145s] Level 1:colcon.colcon_core.package_discovery:discover_packages(ignore) using defaults
[0.145s] Level 1:colcon.colcon_core.package_discovery:discover_packages(path) discover
[0.145s] Level 1:colcon.colcon_core.package_discovery:discover_packages(path) using defaults
[0.161s] Level 1:colcon.colcon_core.package_discovery:discover_packages(prefix_path) check parameters
[0.161s] Level 1:colcon.colcon_core.package_discovery:discover_packages(prefix_path) discover
[0.163s] DEBUG:colcon.colcon_installed_package_information.package_discovery:Found 7 installed packages in /home/swati/Quad_DR/RotorTM/install
[0.164s] DEBUG:colcon.colcon_installed_package_information.package_discovery:Found 383 installed packages in /opt/ros/humble
[0.165s] Level 1:colcon.colcon_core.package_discovery:discover_packages(prefix_path) using defaults
[0.196s] Level 5:colcon.colcon_core.verb:set package 'rotor_tm_config' build argument 'cmake_args' from command line to 'None'
[0.196s] Level 5:colcon.colcon_core.verb:set package 'rotor_tm_config' build argument 'cmake_target' from command line to 'None'
[0.196s] Level 5:colcon.colcon_core.verb:set package 'rotor_tm_config' build argument 'cmake_target_skip_unavailable' from command line to 'False'
[0.196s] Level 5:colcon.colcon_core.verb:set package 'rotor_tm_config' build argument 'cmake_clean_cache' from command line to 'False'
[0.196s] Level 5:colcon.colcon_core.verb:set package 'rotor_tm_config' build argument 'cmake_clean_first' from command line to 'False'
[0.196s] Level 5:colcon.colcon_core.verb:set package 'rotor_tm_config' build argument 'cmake_force_configure' from command line to 'False'
[0.196s] Level 5:colcon.colcon_core.verb:set package 'rotor_tm_config' build argument 'ament_cmake_args' from command line to 'None'
[0.196s] Level 5:colcon.colcon_core.verb:set package 'rotor_tm_config' build argument 'catkin_cmake_args' from command line to 'None'
[0.196s] Level 5:colcon.colcon_core.verb:set package 'rotor_tm_config' build argument 'catkin_skip_building_tests' from command line to 'False'
[0.196s] DEBUG:colcon.colcon_core.verb:Building package 'rotor_tm_config' with the following arguments: {'ament_cmake_args': None, 'build_base': '/home/swati/Quad_DR/RotorTM/build/rotor_tm_config', 'catkin_cmake_args': None, 'catkin_skip_building_tests': False, 'cmake_args': None, 'cmake_clean_cache': False, 'cmake_clean_first': False, 'cmake_force_configure': False, 'cmake_target': None, 'cmake_target_skip_unavailable': False, 'install_base': '/home/swati/Quad_DR/RotorTM/install/rotor_tm_config', 'merge_install': False, 'path': '/home/swati/Quad_DR/RotorTM/src/rotor_tm_config', 'symlink_install': False, 'test_result_base': None}
[0.197s] Level 5:colcon.colcon_core.verb:set package 'rotor_tm_keyboard2wrench' build argument 'cmake_args' from command line to 'None'
[0.197s] Level 5:colcon.colcon_core.verb:set package 'rotor_tm_keyboard2wrench' build argument 'cmake_target' from command line to 'None'
[0.197s] Level 5:colcon.colcon_core.verb:set package 'rotor_tm_keyboard2wrench' build argument 'cmake_target_skip_unavailable' from command line to 'False'
[0.197s] Level 5:colcon.colcon_core.verb:set package 'rotor_tm_keyboard2wrench' build argument 'cmake_clean_cache' from command line to 'False'
[0.197s] Level 5:colcon.colcon_core.verb:set package 'rotor_tm_keyboard2wrench' build argument 'cmake_clean_first' from command line to 'False'
[0.197s] Level 5:colcon.colcon_core.verb:set package 'rotor_tm_keyboard2wrench' build argument 'cmake_force_configure' from command line to 'False'
[0.197s] Level 5:colcon.colcon_core.verb:set package 'rotor_tm_keyboard2wrench' build argument 'ament_cmake_args' from command line to 'None'
[0.197s] Level 5:colcon.colcon_core.verb:set package 'rotor_tm_keyboard2wrench' build argument 'catkin_cmake_args' from command line to 'None'
[0.197s] Level 5:colcon.colcon_core.verb:set package 'rotor_tm_keyboard2wrench' build argument 'catkin_skip_building_tests' from command line to 'False'
[0.197s] DEBUG:colcon.colcon_core.verb:Building package 'rotor_tm_keyboard2wrench' with the following arguments: {'ament_cmake_args': None, 'build_base': '/home/swati/Quad_DR/RotorTM/build/rotor_tm_keyboard2wrench', 'catkin_cmake_args': None, 'catkin_skip_building_tests': False, 'cmake_args': None, 'cmake_clean_cache': False, 'cmake_clean_first': False, 'cmake_force_configure': False, 'cmake_target': None, 'cmake_target_skip_unavailable': False, 'install_base': '/home/swati/Quad_DR/RotorTM/install/rotor_tm_keyboard2wrench', 'merge_install': False, 'path': '/home/swati/Quad_DR/RotorTM/src/rotor_tm_keyboard2wrench', 'symlink_install': False, 'test_result_base': None}
[0.197s] Level 5:colcon.colcon_core.verb:set package 'rotor_tm_msgs' build argument 'cmake_args' from command line to 'None'
[0.197s] Level 5:colcon.colcon_core.verb:set package 'rotor_tm_msgs' build argument 'cmake_target' from command line to 'None'
[0.197s] Level 5:colcon.colcon_core.verb:set package 'rotor_tm_msgs' build argument 'cmake_target_skip_unavailable' from command line to 'False'
[0.197s] Level 5:colcon.colcon_core.verb:set package 'rotor_tm_msgs' build argument 'cmake_clean_cache' from command line to 'False'
[0.197s] Level 5:colcon.colcon_core.verb:set package 'rotor_tm_msgs' build argument 'cmake_clean_first' from command line to 'False'
[0.197s] Level 5:colcon.colcon_core.verb:set package 'rotor_tm_msgs' build argument 'cmake_force_configure' from command line to 'False'
[0.197s] Level 5:colcon.colcon_core.verb:set package 'rotor_tm_msgs' build argument 'ament_cmake_args' from command line to 'None'
[0.197s] Level 5:colcon.colcon_core.verb:set package 'rotor_tm_msgs' build argument 'catkin_cmake_args' from command line to 'None'
[0.197s] Level 5:colcon.colcon_core.verb:set package 'rotor_tm_msgs' build argument 'catkin_skip_building_tests' from command line to 'False'
[0.197s] DEBUG:colcon.colcon_core.verb:Building package 'rotor_tm_msgs' with the following arguments: {'ament_cmake_args': None, 'build_base': '/home/swati/Quad_DR/RotorTM/build/rotor_tm_msgs', 'catkin_cmake_args': None, 'catkin_skip_building_tests': False, 'cmake_args': None, 'cmake_clean_cache': False, 'cmake_clean_first': False, 'cmake_force_configure': False, 'cmake_target': None, 'cmake_target_skip_unavailable': False, 'install_base': '/home/swati/Quad_DR/RotorTM/install/rotor_tm_msgs', 'merge_install': False, 'path': '/home/swati/Quad_DR/RotorTM/src/rotor_tm_msgs', 'symlink_install': False, 'test_result_base': None}
[0.197s] Level 5:colcon.colcon_core.verb:set package 'rotor_tm_traj' build argument 'cmake_args' from command line to 'None'
[0.197s] Level 5:colcon.colcon_core.verb:set package 'rotor_tm_traj' build argument 'cmake_target' from command line to 'None'
[0.197s] Level 5:colcon.colcon_core.verb:set package 'rotor_tm_traj' build argument 'cmake_target_skip_unavailable' from command line to 'False'
[0.197s] Level 5:colcon.colcon_core.verb:set package 'rotor_tm_traj' build argument 'cmake_clean_cache' from command line to 'False'
[0.197s] Level 5:colcon.colcon_core.verb:set package 'rotor_tm_traj' build argument 'cmake_clean_first' from command line to 'False'
[0.197s] Level 5:colcon.colcon_core.verb:set package 'rotor_tm_traj' build argument 'cmake_force_configure' from command line to 'False'
[0.197s] Level 5:colcon.colcon_core.verb:set package 'rotor_tm_traj' build argument 'ament_cmake_args' from command line to 'None'
[0.197s] Level 5:colcon.colcon_core.verb:set package 'rotor_tm_traj' build argument 'catkin_cmake_args' from command line to 'None'
[0.197s] Level 5:colcon.colcon_core.verb:set package 'rotor_tm_traj' build argument 'catkin_skip_building_tests' from command line to 'False'
[0.197s] DEBUG:colcon.colcon_core.verb:Building package 'rotor_tm_traj' with the following arguments: {'ament_cmake_args': None, 'build_base': '/home/swati/Quad_DR/RotorTM/build/rotor_tm_traj', 'catkin_cmake_args': None, 'catkin_skip_building_tests': False, 'cmake_args': None, 'cmake_clean_cache': False, 'cmake_clean_first': False, 'cmake_force_configure': False, 'cmake_target': None, 'cmake_target_skip_unavailable': False, 'install_base': '/home/swati/Quad_DR/RotorTM/install/rotor_tm_traj', 'merge_install': False, 'path': '/home/swati/Quad_DR/RotorTM/src/rotor_tm_traj', 'symlink_install': False, 'test_result_base': None}
[0.198s] Level 5:colcon.colcon_core.verb:set package 'rotor_tm_utils' build argument 'cmake_args' from command line to 'None'
[0.198s] Level 5:colcon.colcon_core.verb:set package 'rotor_tm_utils' build argument 'cmake_target' from command line to 'None'
[0.198s] Level 5:colcon.colcon_core.verb:set package 'rotor_tm_utils' build argument 'cmake_target_skip_unavailable' from command line to 'False'
[0.198s] Level 5:colcon.colcon_core.verb:set package 'rotor_tm_utils' build argument 'cmake_clean_cache' from command line to 'False'
[0.198s] Level 5:colcon.colcon_core.verb:set package 'rotor_tm_utils' build argument 'cmake_clean_first' from command line to 'False'
[0.198s] Level 5:colcon.colcon_core.verb:set package 'rotor_tm_utils' build argument 'cmake_force_configure' from command line to 'False'
[0.198s] Level 5:colcon.colcon_core.verb:set package 'rotor_tm_utils' build argument 'ament_cmake_args' from command line to 'None'
[0.198s] Level 5:colcon.colcon_core.verb:set package 'rotor_tm_utils' build argument 'catkin_cmake_args' from command line to 'None'
[0.198s] Level 5:colcon.colcon_core.verb:set package 'rotor_tm_utils' build argument 'catkin_skip_building_tests' from command line to 'False'
[0.198s] DEBUG:colcon.colcon_core.verb:Building package 'rotor_tm_utils' with the following arguments: {'ament_cmake_args': None, 'build_base': '/home/swati/Quad_DR/RotorTM/build/rotor_tm_utils', 'catkin_cmake_args': None, 'catkin_skip_building_tests': False, 'cmake_args': None, 'cmake_clean_cache': False, 'cmake_clean_first': False, 'cmake_force_configure': False, 'cmake_target': None, 'cmake_target_skip_unavailable': False, 'install_base': '/home/swati/Quad_DR/RotorTM/install/rotor_tm_utils', 'merge_install': False, 'path': '/home/swati/Quad_DR/RotorTM/src/rotor_tm_utils', 'symlink_install': False, 'test_result_base': None}
[0.198s] Level 5:colcon.colcon_core.verb:set package 'rotor_tm_control' build argument 'cmake_args' from command line to 'None'
[0.198s] Level 5:colcon.colcon_core.verb:set package 'rotor_tm_control' build argument 'cmake_target' from command line to 'None'
[0.198s] Level 5:colcon.colcon_core.verb:set package 'rotor_tm_control' build argument 'cmake_target_skip_unavailable' from command line to 'False'
[0.198s] Level 5:colcon.colcon_core.verb:set package 'rotor_tm_control' build argument 'cmake_clean_cache' from command line to 'False'
[0.198s] Level 5:colcon.colcon_core.verb:set package 'rotor_tm_control' build argument 'cmake_clean_first' from command line to 'False'
[0.198s] Level 5:colcon.colcon_core.verb:set package 'rotor_tm_control' build argument 'cmake_force_configure' from command line to 'False'
[0.198s] Level 5:colcon.colcon_core.verb:set package 'rotor_tm_control' build argument 'ament_cmake_args' from command line to 'None'
[0.198s] Level 5:colcon.colcon_core.verb:set package 'rotor_tm_control' build argument 'catkin_cmake_args' from command line to 'None'
[0.198s] Level 5:colcon.colcon_core.verb:set package 'rotor_tm_control' build argument 'catkin_skip_building_tests' from command line to 'False'
[0.198s] DEBUG:colcon.colcon_core.verb:Building package 'rotor_tm_control' with the following arguments: {'ament_cmake_args': None, 'build_base': '/home/swati/Quad_DR/RotorTM/build/rotor_tm_control', 'catkin_cmake_args': None, 'catkin_skip_building_tests': False, 'cmake_args': None, 'cmake_clean_cache': False, 'cmake_clean_first': False, 'cmake_force_configure': False, 'cmake_target': None, 'cmake_target_skip_unavailable': False, 'install_base': '/home/swati/Quad_DR/RotorTM/install/rotor_tm_control', 'merge_install': False, 'path': '/home/swati/Quad_DR/RotorTM/src/rotor_tm_control', 'symlink_install': False, 'test_result_base': None}
[0.198s] Level 5:colcon.colcon_core.verb:set package 'rotor_tm_sim' build argument 'cmake_args' from command line to 'None'
[0.198s] Level 5:colcon.colcon_core.verb:set package 'rotor_tm_sim' build argument 'cmake_target' from command line to 'None'
[0.198s] Level 5:colcon.colcon_core.verb:set package 'rotor_tm_sim' build argument 'cmake_target_skip_unavailable' from command line to 'False'
[0.198s] Level 5:colcon.colcon_core.verb:set package 'rotor_tm_sim' build argument 'cmake_clean_cache' from command line to 'False'
[0.198s] Level 5:colcon.colcon_core.verb:set package 'rotor_tm_sim' build argument 'cmake_clean_first' from command line to 'False'
[0.198s] Level 5:colcon.colcon_core.verb:set package 'rotor_tm_sim' build argument 'cmake_force_configure' from command line to 'False'
[0.198s] Level 5:colcon.colcon_core.verb:set package 'rotor_tm_sim' build argument 'ament_cmake_args' from command line to 'None'
[0.198s] Level 5:colcon.colcon_core.verb:set package 'rotor_tm_sim' build argument 'catkin_cmake_args' from command line to 'None'
[0.198s] Level 5:colcon.colcon_core.verb:set package 'rotor_tm_sim' build argument 'catkin_skip_building_tests' from command line to 'False'
[0.198s] DEBUG:colcon.colcon_core.verb:Building package 'rotor_tm_sim' with the following arguments: {'ament_cmake_args': None, 'build_base': '/home/swati/Quad_DR/RotorTM/build/rotor_tm_sim', 'catkin_cmake_args': None, 'catkin_skip_building_tests': False, 'cmake_args': None, 'cmake_clean_cache': False, 'cmake_clean_first': False, 'cmake_force_configure': False, 'cmake_target': None, 'cmake_target_skip_unavailable': False, 'install_base': '/home/swati/Quad_DR/RotorTM/install/rotor_tm_sim', 'merge_install': False, 'path': '/home/swati/Quad_DR/RotorTM/src/rotor_tm_sim', 'symlink_install': False, 'test_result_base': None}
[0.198s] INFO:colcon.colcon_core.executor:Executing jobs using 'parallel' executor
[0.199s] DEBUG:colcon.colcon_parallel_executor.executor.parallel:run_until_complete
[0.200s] INFO:colcon.colcon_ros.task.ament_cmake.build:Building ROS package in '/home/swati/Quad_DR/RotorTM/src/rotor_tm_msgs' with build type 'ament_cmake'
[0.200s] INFO:colcon.colcon_cmake.task.cmake.build:Building CMake package in '/home/swati/Quad_DR/RotorTM/src/rotor_tm_msgs'
[0.202s] INFO:colcon.colcon_core.plugin_system:Skipping extension 'colcon_core.shell.bat': Not used on non-Windows systems
[0.202s] INFO:colcon.colcon_core.shell:Skip shell extension 'powershell' for command environment: Not usable outside of PowerShell
[0.202s] DEBUG:colcon.colcon_core.shell:Skip shell extension 'dsv' for command environment
[0.205s] INFO:colcon.colcon_ros.task.ament_python.build:Building ROS package in '/home/swati/Quad_DR/RotorTM/src/rotor_tm_utils' with build type 'ament_python'
[0.205s] Level 1:colcon.colcon_core.shell:create_environment_hook('rotor_tm_utils', 'ament_prefix_path')
[0.205s] INFO:colcon.colcon_core.shell:Creating environment hook '/home/swati/Quad_DR/RotorTM/install/rotor_tm_utils/share/rotor_tm_utils/hook/ament_prefix_path.ps1'
[0.206s] INFO:colcon.colcon_core.shell:Creating environment descriptor '/home/swati/Quad_DR/RotorTM/install/rotor_tm_utils/share/rotor_tm_utils/hook/ament_prefix_path.dsv'
[0.207s] INFO:colcon.colcon_core.shell:Creating environment hook '/home/swati/Quad_DR/RotorTM/install/rotor_tm_utils/share/rotor_tm_utils/hook/ament_prefix_path.sh'
[0.207s] INFO:colcon.colcon_core.shell:Skip shell extension 'powershell' for command environment: Not usable outside of PowerShell
[0.207s] DEBUG:colcon.colcon_core.shell:Skip shell extension 'dsv' for command environment
[0.209s] INFO:colcon.colcon_ros.task.ament_python.build:Building ROS package in '/home/swati/Quad_DR/RotorTM/src/rotor_tm_config' with build type 'ament_python'
[0.209s] Level 1:colcon.colcon_core.shell:create_environment_hook('rotor_tm_config', 'ament_prefix_path')
[0.209s] INFO:colcon.colcon_core.shell:Creating environment hook '/home/swati/Quad_DR/RotorTM/install/rotor_tm_config/share/rotor_tm_config/hook/ament_prefix_path.ps1'
[0.210s] INFO:colcon.colcon_core.shell:Creating environment descriptor '/home/swati/Quad_DR/RotorTM/install/rotor_tm_config/share/rotor_tm_config/hook/ament_prefix_path.dsv'
[0.210s] INFO:colcon.colcon_core.shell:Creating environment hook '/home/swati/Quad_DR/RotorTM/install/rotor_tm_config/share/rotor_tm_config/hook/ament_prefix_path.sh'
[0.210s] INFO:colcon.colcon_core.shell:Skip shell extension 'powershell' for command environment: Not usable outside of PowerShell
[0.210s] DEBUG:colcon.colcon_core.shell:Skip shell extension 'dsv' for command environment
[0.212s] INFO:colcon.colcon_ros.task.ament_python.build:Building ROS package in '/home/swati/Quad_DR/RotorTM/src/rotor_tm_keyboard2wrench' with build type 'ament_python'
[0.212s] Level 1:colcon.colcon_core.shell:create_environment_hook('rotor_tm_keyboard2wrench', 'ament_prefix_path')
[0.212s] INFO:colcon.colcon_core.shell:Creating environment hook '/home/swati/Quad_DR/RotorTM/install/rotor_tm_keyboard2wrench/share/rotor_tm_keyboard2wrench/hook/ament_prefix_path.ps1'
[0.213s] INFO:colcon.colcon_core.shell:Creating environment descriptor '/home/swati/Quad_DR/RotorTM/install/rotor_tm_keyboard2wrench/share/rotor_tm_keyboard2wrench/hook/ament_prefix_path.dsv'
[0.213s] INFO:colcon.colcon_core.shell:Creating environment hook '/home/swati/Quad_DR/RotorTM/install/rotor_tm_keyboard2wrench/share/rotor_tm_keyboard2wrench/hook/ament_prefix_path.sh'
[0.213s] INFO:colcon.colcon_core.shell:Skip shell extension 'powershell' for command environment: Not usable outside of PowerShell
[0.213s] DEBUG:colcon.colcon_core.shell:Skip shell extension 'dsv' for command environment
[0.215s] INFO:colcon.colcon_ros.task.ament_python.build:Building ROS package in '/home/swati/Quad_DR/RotorTM/src/rotor_tm_traj' with build type 'ament_python'
[0.215s] Level 1:colcon.colcon_core.shell:create_environment_hook('rotor_tm_traj', 'ament_prefix_path')
[0.216s] INFO:colcon.colcon_core.shell:Creating environment hook '/home/swati/Quad_DR/RotorTM/install/rotor_tm_traj/share/rotor_tm_traj/hook/ament_prefix_path.ps1'
[0.216s] INFO:colcon.colcon_core.shell:Creating environment descriptor '/home/swati/Quad_DR/RotorTM/install/rotor_tm_traj/share/rotor_tm_traj/hook/ament_prefix_path.dsv'
[0.216s] INFO:colcon.colcon_core.shell:Creating environment hook '/home/swati/Quad_DR/RotorTM/install/rotor_tm_traj/share/rotor_tm_traj/hook/ament_prefix_path.sh'
[0.216s] INFO:colcon.colcon_core.shell:Skip shell extension 'powershell' for command environment: Not usable outside of PowerShell
[0.216s] DEBUG:colcon.colcon_core.shell:Skip shell extension 'dsv' for command environment
[0.221s] DEBUG:colcon.colcon_core.event_handler.log_command:Invoking command in '/home/swati/Quad_DR/RotorTM/build/rotor_tm_msgs': CMAKE_PREFIX_PATH=${CMAKE_PREFIX_PATH}:/home/swati/Quad_DR/RotorTM/install/rotor_tm_sim:/home/swati/Quad_DR/RotorTM/install/rotor_tm_control:/home/swati/Quad_DR/RotorTM/install/rotor_tm_utils:/home/swati/Quad_DR/RotorTM/install/rotor_tm_traj:/home/swati/Quad_DR/RotorTM/install/rotor_tm_keyboard2wrench:/home/swati/Quad_DR/RotorTM/install/rotor_tm_config:/opt/ros/humble /opt/cmake-3.28.3-linux-x86_64/bin/cmake --build /home/swati/Quad_DR/RotorTM/build/rotor_tm_msgs -- -j20 -l20
[0.405s] INFO:colcon.colcon_core.task.python.build:Building Python package in '/home/swati/Quad_DR/RotorTM/src/rotor_tm_utils'
[0.405s] INFO:colcon.colcon_core.shell:Skip shell extension 'powershell' for command environment: Not usable outside of PowerShell
[0.405s] DEBUG:colcon.colcon_core.shell:Skip shell extension 'dsv' for command environment
[0.590s] INFO:colcon.colcon_core.task.python.build:Building Python package in '/home/swati/Quad_DR/RotorTM/src/rotor_tm_config'
[0.590s] INFO:colcon.colcon_core.shell:Skip shell extension 'powershell' for command environment: Not usable outside of PowerShell
[0.590s] DEBUG:colcon.colcon_core.shell:Skip shell extension 'dsv' for command environment
[0.765s] INFO:colcon.colcon_core.task.python.build:Building Python package in '/home/swati/Quad_DR/RotorTM/src/rotor_tm_keyboard2wrench'
[0.765s] INFO:colcon.colcon_core.shell:Skip shell extension 'powershell' for command environment: Not usable outside of PowerShell
[0.765s] DEBUG:colcon.colcon_core.shell:Skip shell extension 'dsv' for command environment
[0.950s] INFO:colcon.colcon_core.task.python.build:Building Python package in '/home/swati/Quad_DR/RotorTM/src/rotor_tm_traj'
[0.950s] INFO:colcon.colcon_core.shell:Skip shell extension 'powershell' for command environment: Not usable outside of PowerShell
[0.950s] DEBUG:colcon.colcon_core.shell:Skip shell extension 'dsv' for command environment
[0.954s] DEBUG:colcon.colcon_core.event_handler.log_command:Invoked command in '/home/swati/Quad_DR/RotorTM/build/rotor_tm_msgs' returned '0': CMAKE_PREFIX_PATH=${CMAKE_PREFIX_PATH}:/home/swati/Quad_DR/RotorTM/install/rotor_tm_sim:/home/swati/Quad_DR/RotorTM/install/rotor_tm_control:/home/swati/Quad_DR/RotorTM/install/rotor_tm_utils:/home/swati/Quad_DR/RotorTM/install/rotor_tm_traj:/home/swati/Quad_DR/RotorTM/install/rotor_tm_keyboard2wrench:/home/swati/Quad_DR/RotorTM/install/rotor_tm_config:/opt/ros/humble /opt/cmake-3.28.3-linux-x86_64/bin/cmake --build /home/swati/Quad_DR/RotorTM/build/rotor_tm_msgs -- -j20 -l20
[1.220s] DEBUG:colcon.colcon_core.event_handler.log_command:Invoking command in '/home/swati/Quad_DR/RotorTM/build/rotor_tm_msgs': CMAKE_PREFIX_PATH=${CMAKE_PREFIX_PATH}:/home/swati/Quad_DR/RotorTM/install/rotor_tm_sim:/home/swati/Quad_DR/RotorTM/install/rotor_tm_control:/home/swati/Quad_DR/RotorTM/install/rotor_tm_utils:/home/swati/Quad_DR/RotorTM/install/rotor_tm_traj:/home/swati/Quad_DR/RotorTM/install/rotor_tm_keyboard2wrench:/home/swati/Quad_DR/RotorTM/install/rotor_tm_config:/opt/ros/humble /opt/cmake-3.28.3-linux-x86_64/bin/cmake --install /home/swati/Quad_DR/RotorTM/build/rotor_tm_msgs
[1.273s] Level 1:colcon.colcon_core.environment:create_environment_scripts_only(rotor_tm_msgs)
[1.273s] DEBUG:colcon.colcon_core.event_handler.log_command:Invoked command in '/home/swati/Quad_DR/RotorTM/build/rotor_tm_msgs' returned '0': CMAKE_PREFIX_PATH=${CMAKE_PREFIX_PATH}:/home/swati/Quad_DR/RotorTM/install/rotor_tm_sim:/home/swati/Quad_DR/RotorTM/install/rotor_tm_control:/home/swati/Quad_DR/RotorTM/install/rotor_tm_utils:/home/swati/Quad_DR/RotorTM/install/rotor_tm_traj:/home/swati/Quad_DR/RotorTM/install/rotor_tm_keyboard2wrench:/home/swati/Quad_DR/RotorTM/install/rotor_tm_config:/opt/ros/humble /opt/cmake-3.28.3-linux-x86_64/bin/cmake --install /home/swati/Quad_DR/RotorTM/build/rotor_tm_msgs
[1.277s] Level 1:colcon.colcon_core.environment:checking '/home/swati/Quad_DR/RotorTM/install/rotor_tm_msgs' for CMake module files
[1.278s] Level 1:colcon.colcon_core.environment:checking '/home/swati/Quad_DR/RotorTM/install/rotor_tm_msgs' for CMake config files
[1.278s] Level 1:colcon.colcon_core.shell:create_environment_hook('rotor_tm_msgs', 'cmake_prefix_path')
[1.278s] INFO:colcon.colcon_core.shell:Creating environment hook '/home/swati/Quad_DR/RotorTM/install/rotor_tm_msgs/share/rotor_tm_msgs/hook/cmake_prefix_path.ps1'
[1.279s] INFO:colcon.colcon_core.shell:Creating environment descriptor '/home/swati/Quad_DR/RotorTM/install/rotor_tm_msgs/share/rotor_tm_msgs/hook/cmake_prefix_path.dsv'
[1.279s] INFO:colcon.colcon_core.shell:Creating environment hook '/home/swati/Quad_DR/RotorTM/install/rotor_tm_msgs/share/rotor_tm_msgs/hook/cmake_prefix_path.sh'
[1.279s] Level 1:colcon.colcon_core.environment:checking '/home/swati/Quad_DR/RotorTM/install/rotor_tm_msgs/lib'
[1.279s] Level 1:colcon.colcon_core.shell:create_environment_hook('rotor_tm_msgs', 'ld_library_path_lib')
[1.280s] INFO:colcon.colcon_core.shell:Creating environment hook '/home/swati/Quad_DR/RotorTM/install/rotor_tm_msgs/share/rotor_tm_msgs/hook/ld_library_path_lib.ps1'
[1.280s] INFO:colcon.colcon_core.shell:Creating environment descriptor '/home/swati/Quad_DR/RotorTM/install/rotor_tm_msgs/share/rotor_tm_msgs/hook/ld_library_path_lib.dsv'
[1.280s] INFO:colcon.colcon_core.shell:Creating environment hook '/home/swati/Quad_DR/RotorTM/install/rotor_tm_msgs/share/rotor_tm_msgs/hook/ld_library_path_lib.sh'
[1.280s] Level 1:colcon.colcon_core.environment:checking '/home/swati/Quad_DR/RotorTM/install/rotor_tm_msgs/bin'
[1.280s] Level 1:colcon.colcon_core.environment:checking '/home/swati/Quad_DR/RotorTM/install/rotor_tm_msgs/lib/pkgconfig/rotor_tm_msgs.pc'
[1.280s] Level 1:colcon.colcon_core.environment:checking '/home/swati/Quad_DR/RotorTM/install/rotor_tm_msgs/lib/python3.10/site-packages'
[1.281s] Level 1:colcon.colcon_core.environment:checking '/home/swati/Quad_DR/RotorTM/install/rotor_tm_msgs/bin'
[1.281s] INFO:colcon.colcon_core.shell:Creating package script '/home/swati/Quad_DR/RotorTM/install/rotor_tm_msgs/share/rotor_tm_msgs/package.ps1'
[1.281s] INFO:colcon.colcon_core.shell:Creating package descriptor '/home/swati/Quad_DR/RotorTM/install/rotor_tm_msgs/share/rotor_tm_msgs/package.dsv'
[1.282s] INFO:colcon.colcon_core.shell:Creating package script '/home/swati/Quad_DR/RotorTM/install/rotor_tm_msgs/share/rotor_tm_msgs/package.sh'
[1.282s] INFO:colcon.colcon_core.shell:Creating package script '/home/swati/Quad_DR/RotorTM/install/rotor_tm_msgs/share/rotor_tm_msgs/package.bash'
[1.283s] INFO:colcon.colcon_core.shell:Creating package script '/home/swati/Quad_DR/RotorTM/install/rotor_tm_msgs/share/rotor_tm_msgs/package.zsh'
[1.283s] Level 1:colcon.colcon_core.environment:create_file_with_runtime_dependencies(/home/swati/Quad_DR/RotorTM/install/rotor_tm_msgs/share/colcon-core/packages/rotor_tm_msgs)
[1.483s] DEBUG:colcon.colcon_core.event_handler.log_command:Invoking command in '/home/swati/Quad_DR/RotorTM/src/rotor_tm_keyboard2wrench': PYTHONPATH=/home/swati/Quad_DR/RotorTM/build/rotor_tm_keyboard2wrench/prefix_override:/usr/lib/python3/dist-packages/colcon_core/task/python/colcon_distutils_commands:/home/swati/Quad_DR/RotorTM/install/rotor_tm_keyboard2wrench/lib/python3.10/site-packages:${PYTHONPATH} /usr/bin/python3 -W ignore:setup.py install is deprecated setup.py egg_info --egg-base ../../build/rotor_tm_keyboard2wrench build --build-base /home/swati/Quad_DR/RotorTM/build/rotor_tm_keyboard2wrench/build install --record /home/swati/Quad_DR/RotorTM/build/rotor_tm_keyboard2wrench/install.log --single-version-externally-managed install_data
[1.484s] DEBUG:colcon.colcon_core.event_handler.log_command:Invoking command in '/home/swati/Quad_DR/RotorTM/src/rotor_tm_traj': PYTHONPATH=/home/swati/Quad_DR/RotorTM/build/rotor_tm_traj/prefix_override:/usr/lib/python3/dist-packages/colcon_core/task/python/colcon_distutils_commands:/home/swati/Quad_DR/RotorTM/install/rotor_tm_traj/lib/python3.10/site-packages:${PYTHONPATH} /usr/bin/python3 -W ignore:setup.py install is deprecated setup.py egg_info --egg-base ../../build/rotor_tm_traj build --build-base /home/swati/Quad_DR/RotorTM/build/rotor_tm_traj/build install --record /home/swati/Quad_DR/RotorTM/build/rotor_tm_traj/install.log --single-version-externally-managed install_data
[1.485s] DEBUG:colcon.colcon_core.event_handler.log_command:Invoking command in '/home/swati/Quad_DR/RotorTM/src/rotor_tm_utils': PYTHONPATH=/home/swati/Quad_DR/RotorTM/build/rotor_tm_utils/prefix_override:/usr/lib/python3/dist-packages/colcon_core/task/python/colcon_distutils_commands:/home/swati/Quad_DR/RotorTM/install/rotor_tm_utils/lib/python3.10/site-packages:${PYTHONPATH} /usr/bin/python3 -W ignore:setup.py install is deprecated setup.py egg_info --egg-base ../../build/rotor_tm_utils build --build-base /home/swati/Quad_DR/RotorTM/build/rotor_tm_utils/build install --record /home/swati/Quad_DR/RotorTM/build/rotor_tm_utils/install.log --single-version-externally-managed install_data
[1.551s] Level 1:colcon.colcon_core.environment:create_environment_scripts_only(rotor_tm_msgs)
[1.551s] Level 1:colcon.colcon_core.environment:checking '/home/swati/Quad_DR/RotorTM/install/rotor_tm_msgs' for CMake module files
[1.552s] Level 1:colcon.colcon_core.environment:checking '/home/swati/Quad_DR/RotorTM/install/rotor_tm_msgs' for CMake config files
[1.552s] Level 1:colcon.colcon_core.shell:create_environment_hook('rotor_tm_msgs', 'cmake_prefix_path')
[1.552s] INFO:colcon.colcon_core.shell:Creating environment hook '/home/swati/Quad_DR/RotorTM/install/rotor_tm_msgs/share/rotor_tm_msgs/hook/cmake_prefix_path.ps1'
[1.552s] INFO:colcon.colcon_core.shell:Creating environment descriptor '/home/swati/Quad_DR/RotorTM/install/rotor_tm_msgs/share/rotor_tm_msgs/hook/cmake_prefix_path.dsv'
[1.553s] INFO:colcon.colcon_core.shell:Creating environment hook '/home/swati/Quad_DR/RotorTM/install/rotor_tm_msgs/share/rotor_tm_msgs/hook/cmake_prefix_path.sh'
[1.553s] Level 1:colcon.colcon_core.environment:checking '/home/swati/Quad_DR/RotorTM/install/rotor_tm_msgs/lib'
[1.553s] Level 1:colcon.colcon_core.shell:create_environment_hook('rotor_tm_msgs', 'ld_library_path_lib')
[1.553s] INFO:colcon.colcon_core.shell:Creating environment hook '/home/swati/Quad_DR/RotorTM/install/rotor_tm_msgs/share/rotor_tm_msgs/hook/ld_library_path_lib.ps1'
[1.554s] INFO:colcon.colcon_core.shell:Creating environment descriptor '/home/swati/Quad_DR/RotorTM/install/rotor_tm_msgs/share/rotor_tm_msgs/hook/ld_library_path_lib.dsv'
[1.554s] INFO:colcon.colcon_core.shell:Creating environment hook '/home/swati/Quad_DR/RotorTM/install/rotor_tm_msgs/share/rotor_tm_msgs/hook/ld_library_path_lib.sh'
[1.554s] Level 1:colcon.colcon_core.environment:checking '/home/swati/Quad_DR/RotorTM/install/rotor_tm_msgs/bin'
[1.554s] Level 1:colcon.colcon_core.environment:checking '/home/swati/Quad_DR/RotorTM/install/rotor_tm_msgs/lib/pkgconfig/rotor_tm_msgs.pc'
[1.554s] Level 1:colcon.colcon_core.environment:checking '/home/swati/Quad_DR/RotorTM/install/rotor_tm_msgs/lib/python3.10/site-packages'
[1.554s] Level 1:colcon.colcon_core.environment:checking '/home/swati/Quad_DR/RotorTM/install/rotor_tm_msgs/bin'
[1.554s] INFO:colcon.colcon_core.shell:Creating package script '/home/swati/Quad_DR/RotorTM/install/rotor_tm_msgs/share/rotor_tm_msgs/package.ps1'
[1.555s] INFO:colcon.colcon_core.shell:Creating package descriptor '/home/swati/Quad_DR/RotorTM/install/rotor_tm_msgs/share/rotor_tm_msgs/package.dsv'
[1.555s] INFO:colcon.colcon_core.shell:Creating package script '/home/swati/Quad_DR/RotorTM/install/rotor_tm_msgs/share/rotor_tm_msgs/package.sh'
[1.555s] INFO:colcon.colcon_core.shell:Creating package script '/home/swati/Quad_DR/RotorTM/install/rotor_tm_msgs/share/rotor_tm_msgs/package.bash'
[1.556s] INFO:colcon.colcon_core.shell:Creating package script '/home/swati/Quad_DR/RotorTM/install/rotor_tm_msgs/share/rotor_tm_msgs/package.zsh'
[1.556s] Level 1:colcon.colcon_core.environment:create_file_with_runtime_dependencies(/home/swati/Quad_DR/RotorTM/install/rotor_tm_msgs/share/colcon-core/packages/rotor_tm_msgs)
[1.581s] DEBUG:colcon.colcon_core.event_handler.log_command:Invoking command in '/home/swati/Quad_DR/RotorTM/src/rotor_tm_config': PYTHONPATH=/home/swati/Quad_DR/RotorTM/build/rotor_tm_config/prefix_override:/usr/lib/python3/dist-packages/colcon_core/task/python/colcon_distutils_commands:/home/swati/Quad_DR/RotorTM/install/rotor_tm_config/lib/python3.10/site-packages:${PYTHONPATH} /usr/bin/python3 -W ignore:setup.py install is deprecated setup.py egg_info --egg-base ../../build/rotor_tm_config build --build-base /home/swati/Quad_DR/RotorTM/build/rotor_tm_config/build install --record /home/swati/Quad_DR/RotorTM/build/rotor_tm_config/install.log --single-version-externally-managed install_data
[1.853s] Level 1:colcon.colcon_core.environment:checking '/home/swati/Quad_DR/RotorTM/install/rotor_tm_utils' for CMake module files
[1.853s] DEBUG:colcon.colcon_core.event_handler.log_command:Invoked command in '/home/swati/Quad_DR/RotorTM/src/rotor_tm_utils' returned '0': PYTHONPATH=/home/swati/Quad_DR/RotorTM/build/rotor_tm_utils/prefix_override:/usr/lib/python3/dist-packages/colcon_core/task/python/colcon_distutils_commands:/home/swati/Quad_DR/RotorTM/install/rotor_tm_utils/lib/python3.10/site-packages:${PYTHONPATH} /usr/bin/python3 -W ignore:setup.py install is deprecated setup.py egg_info --egg-base ../../build/rotor_tm_utils build --build-base /home/swati/Quad_DR/RotorTM/build/rotor_tm_utils/build install --record /home/swati/Quad_DR/RotorTM/build/rotor_tm_utils/install.log --single-version-externally-managed install_data
[1.853s] Level 1:colcon.colcon_core.environment:checking '/home/swati/Quad_DR/RotorTM/install/rotor_tm_utils' for CMake config files
[1.854s] Level 1:colcon.colcon_core.environment:checking '/home/swati/Quad_DR/RotorTM/install/rotor_tm_utils/lib'
[1.854s] Level 1:colcon.colcon_core.environment:checking '/home/swati/Quad_DR/RotorTM/install/rotor_tm_utils/bin'
[1.854s] Level 1:colcon.colcon_core.environment:checking '/home/swati/Quad_DR/RotorTM/install/rotor_tm_utils/lib/pkgconfig/rotor_tm_utils.pc'
[1.854s] Level 1:colcon.colcon_core.environment:checking '/home/swati/Quad_DR/RotorTM/install/rotor_tm_utils/lib/python3.10/site-packages'
[1.854s] Level 1:colcon.colcon_core.shell:create_environment_hook('rotor_tm_utils', 'pythonpath')
[1.854s] INFO:colcon.colcon_core.shell:Creating environment hook '/home/swati/Quad_DR/RotorTM/install/rotor_tm_utils/share/rotor_tm_utils/hook/pythonpath.ps1'
[1.854s] INFO:colcon.colcon_core.shell:Creating environment descriptor '/home/swati/Quad_DR/RotorTM/install/rotor_tm_utils/share/rotor_tm_utils/hook/pythonpath.dsv'
[1.855s] INFO:colcon.colcon_core.shell:Creating environment hook '/home/swati/Quad_DR/RotorTM/install/rotor_tm_utils/share/rotor_tm_utils/hook/pythonpath.sh'
[1.855s] Level 1:colcon.colcon_core.environment:checking '/home/swati/Quad_DR/RotorTM/install/rotor_tm_utils/bin'
[1.855s] Level 1:colcon.colcon_core.environment:create_environment_scripts_only(rotor_tm_utils)
[1.855s] INFO:colcon.colcon_core.shell:Creating package script '/home/swati/Quad_DR/RotorTM/install/rotor_tm_utils/share/rotor_tm_utils/package.ps1'
[1.856s] INFO:colcon.colcon_core.shell:Creating package descriptor '/home/swati/Quad_DR/RotorTM/install/rotor_tm_utils/share/rotor_tm_utils/package.dsv'
[1.856s] INFO:colcon.colcon_core.shell:Creating package script '/home/swati/Quad_DR/RotorTM/install/rotor_tm_utils/share/rotor_tm_utils/package.sh'
[1.856s] INFO:colcon.colcon_core.shell:Creating package script '/home/swati/Quad_DR/RotorTM/install/rotor_tm_utils/share/rotor_tm_utils/package.bash'
[1.856s] INFO:colcon.colcon_core.shell:Creating package script '/home/swati/Quad_DR/RotorTM/install/rotor_tm_utils/share/rotor_tm_utils/package.zsh'
[1.856s] Level 1:colcon.colcon_core.environment:create_file_with_runtime_dependencies(/home/swati/Quad_DR/RotorTM/install/rotor_tm_utils/share/colcon-core/packages/rotor_tm_utils)
[1.857s] INFO:colcon.colcon_ros.task.ament_python.build:Building ROS package in '/home/swati/Quad_DR/RotorTM/src/rotor_tm_control' with build type 'ament_python'
[1.857s] Level 1:colcon.colcon_core.shell:create_environment_hook('rotor_tm_control', 'ament_prefix_path')
[1.857s] INFO:colcon.colcon_core.shell:Creating environment hook '/home/swati/Quad_DR/RotorTM/install/rotor_tm_control/share/rotor_tm_control/hook/ament_prefix_path.ps1'
[1.857s] INFO:colcon.colcon_core.shell:Creating environment descriptor '/home/swati/Quad_DR/RotorTM/install/rotor_tm_control/share/rotor_tm_control/hook/ament_prefix_path.dsv'
[1.858s] INFO:colcon.colcon_core.shell:Creating environment hook '/home/swati/Quad_DR/RotorTM/install/rotor_tm_control/share/rotor_tm_control/hook/ament_prefix_path.sh'
[1.858s] INFO:colcon.colcon_core.shell:Skip shell extension 'powershell' for command environment: Not usable outside of PowerShell
[1.858s] DEBUG:colcon.colcon_core.shell:Skip shell extension 'dsv' for command environment
[1.861s] Level 1:colcon.colcon_core.environment:checking '/home/swati/Quad_DR/RotorTM/install/rotor_tm_traj' for CMake module files
[1.861s] DEBUG:colcon.colcon_core.event_handler.log_command:Invoked command in '/home/swati/Quad_DR/RotorTM/src/rotor_tm_traj' returned '0': PYTHONPATH=/home/swati/Quad_DR/RotorTM/build/rotor_tm_traj/prefix_override:/usr/lib/python3/dist-packages/colcon_core/task/python/colcon_distutils_commands:/home/swati/Quad_DR/RotorTM/install/rotor_tm_traj/lib/python3.10/site-packages:${PYTHONPATH} /usr/bin/python3 -W ignore:setup.py install is deprecated setup.py egg_info --egg-base ../../build/rotor_tm_traj build --build-base /home/swati/Quad_DR/RotorTM/build/rotor_tm_traj/build install --record /home/swati/Quad_DR/RotorTM/build/rotor_tm_traj/install.log --single-version-externally-managed install_data
[1.861s] Level 1:colcon.colcon_core.environment:checking '/home/swati/Quad_DR/RotorTM/install/rotor_tm_traj' for CMake config files
[1.862s] Level 1:colcon.colcon_core.environment:checking '/home/swati/Quad_DR/RotorTM/install/rotor_tm_traj/lib'
[1.862s] Level 1:colcon.colcon_core.environment:checking '/home/swati/Quad_DR/RotorTM/install/rotor_tm_traj/bin'
[1.862s] Level 1:colcon.colcon_core.environment:checking '/home/swati/Quad_DR/RotorTM/install/rotor_tm_traj/lib/pkgconfig/rotor_tm_traj.pc'
[1.862s] Level 1:colcon.colcon_core.environment:checking '/home/swati/Quad_DR/RotorTM/install/rotor_tm_traj/lib/python3.10/site-packages'
[1.862s] Level 1:colcon.colcon_core.shell:create_environment_hook('rotor_tm_traj', 'pythonpath')
[1.862s] INFO:colcon.colcon_core.shell:Creating environment hook '/home/swati/Quad_DR/RotorTM/install/rotor_tm_traj/share/rotor_tm_traj/hook/pythonpath.ps1'
[1.863s] INFO:colcon.colcon_core.shell:Creating environment descriptor '/home/swati/Quad_DR/RotorTM/install/rotor_tm_traj/share/rotor_tm_traj/hook/pythonpath.dsv'
[1.863s] INFO:colcon.colcon_core.shell:Creating environment hook '/home/swati/Quad_DR/RotorTM/install/rotor_tm_traj/share/rotor_tm_traj/hook/pythonpath.sh'
[1.864s] Level 1:colcon.colcon_core.environment:checking '/home/swati/Quad_DR/RotorTM/install/rotor_tm_traj/bin'
[1.864s] Level 1:colcon.colcon_core.environment:create_environment_scripts_only(rotor_tm_traj)
[1.864s] INFO:colcon.colcon_core.shell:Creating package script '/home/swati/Quad_DR/RotorTM/install/rotor_tm_traj/share/rotor_tm_traj/package.ps1'
[1.864s] INFO:colcon.colcon_core.shell:Creating package descriptor '/home/swati/Quad_DR/RotorTM/install/rotor_tm_traj/share/rotor_tm_traj/package.dsv'
[1.864s] INFO:colcon.colcon_core.shell:Creating package script '/home/swati/Quad_DR/RotorTM/install/rotor_tm_traj/share/rotor_tm_traj/package.sh'
[1.865s] INFO:colcon.colcon_core.shell:Creating package script '/home/swati/Quad_DR/RotorTM/install/rotor_tm_traj/share/rotor_tm_traj/package.bash'
[1.865s] INFO:colcon.colcon_core.shell:Creating package script '/home/swati/Quad_DR/RotorTM/install/rotor_tm_traj/share/rotor_tm_traj/package.zsh'
[1.865s] Level 1:colcon.colcon_core.environment:create_file_with_runtime_dependencies(/home/swati/Quad_DR/RotorTM/install/rotor_tm_traj/share/colcon-core/packages/rotor_tm_traj)
[2.040s] INFO:colcon.colcon_core.task.python.build:Building Python package in '/home/swati/Quad_DR/RotorTM/src/rotor_tm_control'
[2.040s] INFO:colcon.colcon_core.shell:Skip shell extension 'powershell' for command environment: Not usable outside of PowerShell
[2.040s] DEBUG:colcon.colcon_core.shell:Skip shell extension 'dsv' for command environment
[2.044s] Level 1:colcon.colcon_core.environment:checking '/home/swati/Quad_DR/RotorTM/install/rotor_tm_config' for CMake module files
[2.044s] DEBUG:colcon.colcon_core.event_handler.log_command:Invoked command in '/home/swati/Quad_DR/RotorTM/src/rotor_tm_config' returned '0': PYTHONPATH=/home/swati/Quad_DR/RotorTM/build/rotor_tm_config/prefix_override:/usr/lib/python3/dist-packages/colcon_core/task/python/colcon_distutils_commands:/home/swati/Quad_DR/RotorTM/install/rotor_tm_config/lib/python3.10/site-packages:${PYTHONPATH} /usr/bin/python3 -W ignore:setup.py install is deprecated setup.py egg_info --egg-base ../../build/rotor_tm_config build --build-base /home/swati/Quad_DR/RotorTM/build/rotor_tm_config/build install --record /home/swati/Quad_DR/RotorTM/build/rotor_tm_config/install.log --single-version-externally-managed install_data
[2.045s] Level 1:colcon.colcon_core.environment:checking '/home/swati/Quad_DR/RotorTM/install/rotor_tm_config' for CMake config files
[2.045s] Level 1:colcon.colcon_core.environment:checking '/home/swati/Quad_DR/RotorTM/install/rotor_tm_config/lib'
[2.045s] Level 1:colcon.colcon_core.environment:checking '/home/swati/Quad_DR/RotorTM/install/rotor_tm_config/bin'
[2.045s] Level 1:colcon.colcon_core.environment:checking '/home/swati/Quad_DR/RotorTM/install/rotor_tm_config/lib/pkgconfig/rotor_tm_config.pc'
[2.045s] Level 1:colcon.colcon_core.environment:checking '/home/swati/Quad_DR/RotorTM/install/rotor_tm_config/lib/python3.10/site-packages'
[2.045s] Level 1:colcon.colcon_core.shell:create_environment_hook('rotor_tm_config', 'pythonpath')
[2.045s] INFO:colcon.colcon_core.shell:Creating environment hook '/home/swati/Quad_DR/RotorTM/install/rotor_tm_config/share/rotor_tm_config/hook/pythonpath.ps1'
[2.046s] INFO:colcon.colcon_core.shell:Creating environment descriptor '/home/swati/Quad_DR/RotorTM/install/rotor_tm_config/share/rotor_tm_config/hook/pythonpath.dsv'
[2.046s] INFO:colcon.colcon_core.shell:Creating environment hook '/home/swati/Quad_DR/RotorTM/install/rotor_tm_config/share/rotor_tm_config/hook/pythonpath.sh'
[2.046s] Level 1:colcon.colcon_core.environment:checking '/home/swati/Quad_DR/RotorTM/install/rotor_tm_config/bin'
[2.046s] Level 1:colcon.colcon_core.environment:create_environment_scripts_only(rotor_tm_config)
[2.046s] INFO:colcon.colcon_core.shell:Creating package script '/home/swati/Quad_DR/RotorTM/install/rotor_tm_config/share/rotor_tm_config/package.ps1'
[2.047s] INFO:colcon.colcon_core.shell:Creating package descriptor '/home/swati/Quad_DR/RotorTM/install/rotor_tm_config/share/rotor_tm_config/package.dsv'
[2.047s] INFO:colcon.colcon_core.shell:Creating package script '/home/swati/Quad_DR/RotorTM/install/rotor_tm_config/share/rotor_tm_config/package.sh'
[2.047s] INFO:colcon.colcon_core.shell:Creating package script '/home/swati/Quad_DR/RotorTM/install/rotor_tm_config/share/rotor_tm_config/package.bash'
[2.048s] INFO:colcon.colcon_core.shell:Creating package script '/home/swati/Quad_DR/RotorTM/install/rotor_tm_config/share/rotor_tm_config/package.zsh'
[2.048s] Level 1:colcon.colcon_core.environment:create_file_with_runtime_dependencies(/home/swati/Quad_DR/RotorTM/install/rotor_tm_config/share/colcon-core/packages/rotor_tm_config)
[2.048s] INFO:colcon.colcon_ros.task.ament_python.build:Building ROS package in '/home/swati/Quad_DR/RotorTM/src/rotor_tm_sim' with build type 'ament_python'
[2.048s] Level 1:colcon.colcon_core.shell:create_environment_hook('rotor_tm_sim', 'ament_prefix_path')
[2.048s] INFO:colcon.colcon_core.shell:Creating environment hook '/home/swati/Quad_DR/RotorTM/install/rotor_tm_sim/share/rotor_tm_sim/hook/ament_prefix_path.ps1'
[2.049s] INFO:colcon.colcon_core.shell:Creating environment descriptor '/home/swati/Quad_DR/RotorTM/install/rotor_tm_sim/share/rotor_tm_sim/hook/ament_prefix_path.dsv'
[2.049s] INFO:colcon.colcon_core.shell:Creating environment hook '/home/swati/Quad_DR/RotorTM/install/rotor_tm_sim/share/rotor_tm_sim/hook/ament_prefix_path.sh'
[2.049s] INFO:colcon.colcon_core.shell:Skip shell extension 'powershell' for command environment: Not usable outside of PowerShell
[2.049s] DEBUG:colcon.colcon_core.shell:Skip shell extension 'dsv' for command environment
[2.052s] Level 1:colcon.colcon_core.environment:checking '/home/swati/Quad_DR/RotorTM/install/rotor_tm_keyboard2wrench' for CMake module files
[2.052s] DEBUG:colcon.colcon_core.event_handler.log_command:Invoked command in '/home/swati/Quad_DR/RotorTM/src/rotor_tm_keyboard2wrench' returned '0': PYTHONPATH=/home/swati/Quad_DR/RotorTM/build/rotor_tm_keyboard2wrench/prefix_override:/usr/lib/python3/dist-packages/colcon_core/task/python/colcon_distutils_commands:/home/swati/Quad_DR/RotorTM/install/rotor_tm_keyboard2wrench/lib/python3.10/site-packages:${PYTHONPATH} /usr/bin/python3 -W ignore:setup.py install is deprecated setup.py egg_info --egg-base ../../build/rotor_tm_keyboard2wrench build --build-base /home/swati/Quad_DR/RotorTM/build/rotor_tm_keyboard2wrench/build install --record /home/swati/Quad_DR/RotorTM/build/rotor_tm_keyboard2wrench/install.log --single-version-externally-managed install_data
[2.053s] Level 1:colcon.colcon_core.environment:checking '/home/swati/Quad_DR/RotorTM/install/rotor_tm_keyboard2wrench' for CMake config files
[2.053s] Level 1:colcon.colcon_core.environment:checking '/home/swati/Quad_DR/RotorTM/install/rotor_tm_keyboard2wrench/lib'
[2.053s] Level 1:colcon.colcon_core.environment:checking '/home/swati/Quad_DR/RotorTM/install/rotor_tm_keyboard2wrench/bin'
[2.053s] Level 1:colcon.colcon_core.environment:checking '/home/swati/Quad_DR/RotorTM/install/rotor_tm_keyboard2wrench/lib/pkgconfig/rotor_tm_keyboard2wrench.pc'
[2.053s] Level 1:colcon.colcon_core.environment:checking '/home/swati/Quad_DR/RotorTM/install/rotor_tm_keyboard2wrench/lib/python3.10/site-packages'
[2.053s] Level 1:colcon.colcon_core.shell:create_environment_hook('rotor_tm_keyboard2wrench', 'pythonpath')
[2.053s] INFO:colcon.colcon_core.shell:Creating environment hook '/home/swati/Quad_DR/RotorTM/install/rotor_tm_keyboard2wrench/share/rotor_tm_keyboard2wrench/hook/pythonpath.ps1'
[2.053s] INFO:colcon.colcon_core.shell:Creating environment descriptor '/home/swati/Quad_DR/RotorTM/install/rotor_tm_keyboard2wrench/share/rotor_tm_keyboard2wrench/hook/pythonpath.dsv'
[2.054s] INFO:colcon.colcon_core.shell:Creating environment hook '/home/swati/Quad_DR/RotorTM/install/rotor_tm_keyboard2wrench/share/rotor_tm_keyboard2wrench/hook/pythonpath.sh'
[2.054s] Level 1:colcon.colcon_core.environment:checking '/home/swati/Quad_DR/RotorTM/install/rotor_tm_keyboard2wrench/bin'
[2.054s] Level 1:colcon.colcon_core.environment:create_environment_scripts_only(rotor_tm_keyboard2wrench)
[2.054s] INFO:colcon.colcon_core.shell:Creating package script '/home/swati/Quad_DR/RotorTM/install/rotor_tm_keyboard2wrench/share/rotor_tm_keyboard2wrench/package.ps1'
[2.055s] INFO:colcon.colcon_core.shell:Creating package descriptor '/home/swati/Quad_DR/RotorTM/install/rotor_tm_keyboard2wrench/share/rotor_tm_keyboard2wrench/package.dsv'
[2.055s] INFO:colcon.colcon_core.shell:Creating package script '/home/swati/Quad_DR/RotorTM/install/rotor_tm_keyboard2wrench/share/rotor_tm_keyboard2wrench/package.sh'
[2.055s] INFO:colcon.colcon_core.shell:Creating package script '/home/swati/Quad_DR/RotorTM/install/rotor_tm_keyboard2wrench/share/rotor_tm_keyboard2wrench/package.bash'
[2.055s] INFO:colcon.colcon_core.shell:Creating package script '/home/swati/Quad_DR/RotorTM/install/rotor_tm_keyboard2wrench/share/rotor_tm_keyboard2wrench/package.zsh'
[2.055s] Level 1:colcon.colcon_core.environment:create_file_with_runtime_dependencies(/home/swati/Quad_DR/RotorTM/install/rotor_tm_keyboard2wrench/share/colcon-core/packages/rotor_tm_keyboard2wrench)
[2.243s] INFO:colcon.colcon_core.task.python.build:Building Python package in '/home/swati/Quad_DR/RotorTM/src/rotor_tm_sim'
[2.243s] INFO:colcon.colcon_core.shell:Skip shell extension 'powershell' for command environment: Not usable outside of PowerShell
[2.243s] DEBUG:colcon.colcon_core.shell:Skip shell extension 'dsv' for command environment
[2.505s] DEBUG:colcon.colcon_core.event_handler.log_command:Invoking command in '/home/swati/Quad_DR/RotorTM/src/rotor_tm_control': AMENT_PREFIX_PATH=/home/swati/Quad_DR/RotorTM/install/rotor_tm_utils:/home/swati/Quad_DR/RotorTM/install/rotor_tm_sim:/home/swati/Quad_DR/RotorTM/install/rotor_tm_control:/home/swati/Quad_DR/RotorTM/install/rotor_tm_traj:/home/swati/Quad_DR/RotorTM/install/rotor_tm_msgs:/home/swati/Quad_DR/RotorTM/install/rotor_tm_keyboard2wrench:/home/swati/Quad_DR/RotorTM/install/rotor_tm_config:/opt/ros/humble LD_LIBRARY_PATH=/home/swati/Quad_DR/RotorTM/install/rotor_tm_msgs/lib:/opt/hsl/ma27:/usr/lib/x86_64-linux-gnu/gazebo-11/plugins:/opt/ros/humble/opt/rviz_ogre_vendor/lib:/opt/ros/humble/lib/x86_64-linux-gnu:/opt/ros/humble/lib:/usr/share/gazebo/../../lib/x86_64-linux-gnu/gazebo-11/plugins:/home/swati/acados/lib:/home/swati/acados/mpcenv/lib:/home/swati/.casadi_cpp/lib:/opt/hsl/lib PYTHONPATH=/home/swati/Quad_DR/RotorTM/build/rotor_tm_control/prefix_override:/usr/lib/python3/dist-packages/colcon_core/task/python/colcon_distutils_commands:/home/swati/Quad_DR/RotorTM/install/rotor_tm_control/lib/python3.10/site-packages:/home/swati/Quad_DR/RotorTM/install/rotor_tm_utils/lib/python3.10/site-packages:/home/swati/Quad_DR/RotorTM/install/rotor_tm_sim/lib/python3.10/site-packages:/home/swati/Quad_DR/RotorTM/install/rotor_tm_control/lib/python3.10/site-packages:/home/swati/Quad_DR/RotorTM/install/rotor_tm_traj/lib/python3.10/site-packages:/home/swati/Quad_DR/RotorTM/install/rotor_tm_msgs/local/lib/python3.10/dist-packages:/home/swati/Quad_DR/RotorTM/install/rotor_tm_keyboard2wrench/lib/python3.10/site-packages:/home/swati/Quad_DR/RotorTM/install/rotor_tm_config/lib/python3.10/site-packages:/opt/ros/humble/lib/python3.10/site-packages:/opt/ros/humble/local/lib/python3.10/dist-packages:/PythonAPI/carla/dist/carla-0.9.14-py3.10-linux-x86_64.egg:/home/swati/carla_sim10/Carla-0.10.0-Linux-Shipping/PythonAPI/carla /usr/bin/python3 -W ignore:setup.py install is deprecated setup.py egg_info --egg-base ../../build/rotor_tm_control build --build-base /home/swati/Quad_DR/RotorTM/build/rotor_tm_control/build install --record /home/swati/Quad_DR/RotorTM/build/rotor_tm_control/install.log --single-version-externally-managed install_data
[2.688s] DEBUG:colcon.colcon_core.event_handler.log_command:Invoking command in '/home/swati/Quad_DR/RotorTM/src/rotor_tm_sim': AMENT_PREFIX_PATH=/home/swati/Quad_DR/RotorTM/install/rotor_tm_utils:/home/swati/Quad_DR/RotorTM/install/rotor_tm_config:/home/swati/Quad_DR/RotorTM/install/rotor_tm_sim:/home/swati/Quad_DR/RotorTM/install/rotor_tm_control:/home/swati/Quad_DR/RotorTM/install/rotor_tm_traj:/home/swati/Quad_DR/RotorTM/install/rotor_tm_msgs:/home/swati/Quad_DR/RotorTM/install/rotor_tm_keyboard2wrench:/opt/ros/humble LD_LIBRARY_PATH=/home/swati/Quad_DR/RotorTM/install/rotor_tm_msgs/lib:/opt/hsl/ma27:/usr/lib/x86_64-linux-gnu/gazebo-11/plugins:/opt/ros/humble/opt/rviz_ogre_vendor/lib:/opt/ros/humble/lib/x86_64-linux-gnu:/opt/ros/humble/lib:/usr/share/gazebo/../../lib/x86_64-linux-gnu/gazebo-11/plugins:/home/swati/acados/lib:/home/swati/acados/mpcenv/lib:/home/swati/.casadi_cpp/lib:/opt/hsl/lib PYTHONPATH=/home/swati/Quad_DR/RotorTM/build/rotor_tm_sim/prefix_override:/usr/lib/python3/dist-packages/colcon_core/task/python/colcon_distutils_commands:/home/swati/Quad_DR/RotorTM/install/rotor_tm_sim/lib/python3.10/site-packages:/home/swati/Quad_DR/RotorTM/install/rotor_tm_utils/lib/python3.10/site-packages:/home/swati/Quad_DR/RotorTM/install/rotor_tm_config/lib/python3.10/site-packages:/home/swati/Quad_DR/RotorTM/install/rotor_tm_sim/lib/python3.10/site-packages:/home/swati/Quad_DR/RotorTM/install/rotor_tm_control/lib/python3.10/site-packages:/home/swati/Quad_DR/RotorTM/install/rotor_tm_traj/lib/python3.10/site-packages:/home/swati/Quad_DR/RotorTM/install/rotor_tm_msgs/local/lib/python3.10/dist-packages:/home/swati/Quad_DR/RotorTM/install/rotor_tm_keyboard2wrench/lib/python3.10/site-packages:/opt/ros/humble/lib/python3.10/site-packages:/opt/ros/humble/local/lib/python3.10/dist-packages:/PythonAPI/carla/dist/carla-0.9.14-py3.10-linux-x86_64.egg:/home/swati/carla_sim10/Carla-0.10.0-Linux-Shipping/PythonAPI/carla /usr/bin/python3 -W ignore:setup.py install is deprecated setup.py egg_info --egg-base ../../build/rotor_tm_sim build --build-base /home/swati/Quad_DR/RotorTM/build/rotor_tm_sim/build install --record /home/swati/Quad_DR/RotorTM/build/rotor_tm_sim/install.log --single-version-externally-managed install_data
[2.880s] Level 1:colcon.colcon_core.environment:checking '/home/swati/Quad_DR/RotorTM/install/rotor_tm_control' for CMake module files
[2.881s] DEBUG:colcon.colcon_core.event_handler.log_command:Invoked command in '/home/swati/Quad_DR/RotorTM/src/rotor_tm_control' returned '0': AMENT_PREFIX_PATH=/home/swati/Quad_DR/RotorTM/install/rotor_tm_utils:/home/swati/Quad_DR/RotorTM/install/rotor_tm_sim:/home/swati/Quad_DR/RotorTM/install/rotor_tm_control:/home/swati/Quad_DR/RotorTM/install/rotor_tm_traj:/home/swati/Quad_DR/RotorTM/install/rotor_tm_msgs:/home/swati/Quad_DR/RotorTM/install/rotor_tm_keyboard2wrench:/home/swati/Quad_DR/RotorTM/install/rotor_tm_config:/opt/ros/humble LD_LIBRARY_PATH=/home/swati/Quad_DR/RotorTM/install/rotor_tm_msgs/lib:/opt/hsl/ma27:/usr/lib/x86_64-linux-gnu/gazebo-11/plugins:/opt/ros/humble/opt/rviz_ogre_vendor/lib:/opt/ros/humble/lib/x86_64-linux-gnu:/opt/ros/humble/lib:/usr/share/gazebo/../../lib/x86_64-linux-gnu/gazebo-11/plugins:/home/swati/acados/lib:/home/swati/acados/mpcenv/lib:/home/swati/.casadi_cpp/lib:/opt/hsl/lib PYTHONPATH=/home/swati/Quad_DR/RotorTM/build/rotor_tm_control/prefix_override:/usr/lib/python3/dist-packages/colcon_core/task/python/colcon_distutils_commands:/home/swati/Quad_DR/RotorTM/install/rotor_tm_control/lib/python3.10/site-packages:/home/swati/Quad_DR/RotorTM/install/rotor_tm_utils/lib/python3.10/site-packages:/home/swati/Quad_DR/RotorTM/install/rotor_tm_sim/lib/python3.10/site-packages:/home/swati/Quad_DR/RotorTM/install/rotor_tm_control/lib/python3.10/site-packages:/home/swati/Quad_DR/RotorTM/install/rotor_tm_traj/lib/python3.10/site-packages:/home/swati/Quad_DR/RotorTM/install/rotor_tm_msgs/local/lib/python3.10/dist-packages:/home/swati/Quad_DR/RotorTM/install/rotor_tm_keyboard2wrench/lib/python3.10/site-packages:/home/swati/Quad_DR/RotorTM/install/rotor_tm_config/lib/python3.10/site-packages:/opt/ros/humble/lib/python3.10/site-packages:/opt/ros/humble/local/lib/python3.10/dist-packages:/PythonAPI/carla/dist/carla-0.9.14-py3.10-linux-x86_64.egg:/home/swati/carla_sim10/Carla-0.10.0-Linux-Shipping/PythonAPI/carla /usr/bin/python3 -W ignore:setup.py install is deprecated setup.py egg_info --egg-base ../../build/rotor_tm_control build --build-base /home/swati/Quad_DR/RotorTM/build/rotor_tm_control/build install --record /home/swati/Quad_DR/RotorTM/build/rotor_tm_control/install.log --single-version-externally-managed install_data
[2.881s] Level 1:colcon.colcon_core.environment:checking '/home/swati/Quad_DR/RotorTM/install/rotor_tm_control' for CMake config files
[2.882s] Level 1:colcon.colcon_core.environment:checking '/home/swati/Quad_DR/RotorTM/install/rotor_tm_control/lib'
[2.882s] Level 1:colcon.colcon_core.environment:checking '/home/swati/Quad_DR/RotorTM/install/rotor_tm_control/bin'
[2.882s] Level 1:colcon.colcon_core.environment:checking '/home/swati/Quad_DR/RotorTM/install/rotor_tm_control/lib/pkgconfig/rotor_tm_control.pc'
[2.882s] Level 1:colcon.colcon_core.environment:checking '/home/swati/Quad_DR/RotorTM/install/rotor_tm_control/lib/python3.10/site-packages'
[2.882s] Level 1:colcon.colcon_core.shell:create_environment_hook('rotor_tm_control', 'pythonpath')
[2.882s] INFO:colcon.colcon_core.shell:Creating environment hook '/home/swati/Quad_DR/RotorTM/install/rotor_tm_control/share/rotor_tm_control/hook/pythonpath.ps1'
[2.882s] INFO:colcon.colcon_core.shell:Creating environment descriptor '/home/swati/Quad_DR/RotorTM/install/rotor_tm_control/share/rotor_tm_control/hook/pythonpath.dsv'
[2.882s] INFO:colcon.colcon_core.shell:Creating environment hook '/home/swati/Quad_DR/RotorTM/install/rotor_tm_control/share/rotor_tm_control/hook/pythonpath.sh'
[2.883s] Level 1:colcon.colcon_core.environment:checking '/home/swati/Quad_DR/RotorTM/install/rotor_tm_control/bin'
[2.883s] Level 1:colcon.colcon_core.environment:create_environment_scripts_only(rotor_tm_control)
[2.883s] INFO:colcon.colcon_core.shell:Creating package script '/home/swati/Quad_DR/RotorTM/install/rotor_tm_control/share/rotor_tm_control/package.ps1'
[2.883s] INFO:colcon.colcon_core.shell:Creating package descriptor '/home/swati/Quad_DR/RotorTM/install/rotor_tm_control/share/rotor_tm_control/package.dsv'
[2.884s] INFO:colcon.colcon_core.shell:Creating package script '/home/swati/Quad_DR/RotorTM/install/rotor_tm_control/share/rotor_tm_control/package.sh'
[2.884s] INFO:colcon.colcon_core.shell:Creating package script '/home/swati/Quad_DR/RotorTM/install/rotor_tm_control/share/rotor_tm_control/package.bash'
[2.884s] INFO:colcon.colcon_core.shell:Creating package script '/home/swati/Quad_DR/RotorTM/install/rotor_tm_control/share/rotor_tm_control/package.zsh'
[2.884s] Level 1:colcon.colcon_core.environment:create_file_with_runtime_dependencies(/home/swati/Quad_DR/RotorTM/install/rotor_tm_control/share/colcon-core/packages/rotor_tm_control)
[3.060s] Level 1:colcon.colcon_core.environment:checking '/home/swati/Quad_DR/RotorTM/install/rotor_tm_sim' for CMake module files
[3.060s] DEBUG:colcon.colcon_core.event_handler.log_command:Invoked command in '/home/swati/Quad_DR/RotorTM/src/rotor_tm_sim' returned '0': AMENT_PREFIX_PATH=/home/swati/Quad_DR/RotorTM/install/rotor_tm_utils:/home/swati/Quad_DR/RotorTM/install/rotor_tm_config:/home/swati/Quad_DR/RotorTM/install/rotor_tm_sim:/home/swati/Quad_DR/RotorTM/install/rotor_tm_control:/home/swati/Quad_DR/RotorTM/install/rotor_tm_traj:/home/swati/Quad_DR/RotorTM/install/rotor_tm_msgs:/home/swati/Quad_DR/RotorTM/install/rotor_tm_keyboard2wrench:/opt/ros/humble LD_LIBRARY_PATH=/home/swati/Quad_DR/RotorTM/install/rotor_tm_msgs/lib:/opt/hsl/ma27:/usr/lib/x86_64-linux-gnu/gazebo-11/plugins:/opt/ros/humble/opt/rviz_ogre_vendor/lib:/opt/ros/humble/lib/x86_64-linux-gnu:/opt/ros/humble/lib:/usr/share/gazebo/../../lib/x86_64-linux-gnu/gazebo-11/plugins:/home/swati/acados/lib:/home/swati/acados/mpcenv/lib:/home/swati/.casadi_cpp/lib:/opt/hsl/lib PYTHONPATH=/home/swati/Quad_DR/RotorTM/build/rotor_tm_sim/prefix_override:/usr/lib/python3/dist-packages/colcon_core/task/python/colcon_distutils_commands:/home/swati/Quad_DR/RotorTM/install/rotor_tm_sim/lib/python3.10/site-packages:/home/swati/Quad_DR/RotorTM/install/rotor_tm_utils/lib/python3.10/site-packages:/home/swati/Quad_DR/RotorTM/install/rotor_tm_config/lib/python3.10/site-packages:/home/swati/Quad_DR/RotorTM/install/rotor_tm_sim/lib/python3.10/site-packages:/home/swati/Quad_DR/RotorTM/install/rotor_tm_control/lib/python3.10/site-packages:/home/swati/Quad_DR/RotorTM/install/rotor_tm_traj/lib/python3.10/site-packages:/home/swati/Quad_DR/RotorTM/install/rotor_tm_msgs/local/lib/python3.10/dist-packages:/home/swati/Quad_DR/RotorTM/install/rotor_tm_keyboard2wrench/lib/python3.10/site-packages:/opt/ros/humble/lib/python3.10/site-packages:/opt/ros/humble/local/lib/python3.10/dist-packages:/PythonAPI/carla/dist/carla-0.9.14-py3.10-linux-x86_64.egg:/home/swati/carla_sim10/Carla-0.10.0-Linux-Shipping/PythonAPI/carla /usr/bin/python3 -W ignore:setup.py install is deprecated setup.py egg_info --egg-base ../../build/rotor_tm_sim build --build-base /home/swati/Quad_DR/RotorTM/build/rotor_tm_sim/build install --record /home/swati/Quad_DR/RotorTM/build/rotor_tm_sim/install.log --single-version-externally-managed install_data
[3.061s] Level 1:colcon.colcon_core.environment:checking '/home/swati/Quad_DR/RotorTM/install/rotor_tm_sim' for CMake config files
[3.061s] Level 1:colcon.colcon_core.environment:checking '/home/swati/Quad_DR/RotorTM/install/rotor_tm_sim/lib'
[3.061s] Level 1:colcon.colcon_core.environment:checking '/home/swati/Quad_DR/RotorTM/install/rotor_tm_sim/bin'
[3.061s] Level 1:colcon.colcon_core.environment:checking '/home/swati/Quad_DR/RotorTM/install/rotor_tm_sim/lib/pkgconfig/rotor_tm_sim.pc'
[3.062s] Level 1:colcon.colcon_core.environment:checking '/home/swati/Quad_DR/RotorTM/install/rotor_tm_sim/lib/python3.10/site-packages'
[3.062s] Level 1:colcon.colcon_core.shell:create_environment_hook('rotor_tm_sim', 'pythonpath')
[3.062s] INFO:colcon.colcon_core.shell:Creating environment hook '/home/swati/Quad_DR/RotorTM/install/rotor_tm_sim/share/rotor_tm_sim/hook/pythonpath.ps1'
[3.063s] INFO:colcon.colcon_core.shell:Creating environment descriptor '/home/swati/Quad_DR/RotorTM/install/rotor_tm_sim/share/rotor_tm_sim/hook/pythonpath.dsv'
[3.063s] INFO:colcon.colcon_core.shell:Creating environment hook '/home/swati/Quad_DR/RotorTM/install/rotor_tm_sim/share/rotor_tm_sim/hook/pythonpath.sh'
[3.064s] Level 1:colcon.colcon_core.environment:checking '/home/swati/Quad_DR/RotorTM/install/rotor_tm_sim/bin'
[3.064s] Level 1:colcon.colcon_core.environment:create_environment_scripts_only(rotor_tm_sim)
[3.064s] INFO:colcon.colcon_core.shell:Creating package script '/home/swati/Quad_DR/RotorTM/install/rotor_tm_sim/share/rotor_tm_sim/package.ps1'
[3.065s] INFO:colcon.colcon_core.shell:Creating package descriptor '/home/swati/Quad_DR/RotorTM/install/rotor_tm_sim/share/rotor_tm_sim/package.dsv'
[3.065s] INFO:colcon.colcon_core.shell:Creating package script '/home/swati/Quad_DR/RotorTM/install/rotor_tm_sim/share/rotor_tm_sim/package.sh'
[3.065s] INFO:colcon.colcon_core.shell:Creating package script '/home/swati/Quad_DR/RotorTM/install/rotor_tm_sim/share/rotor_tm_sim/package.bash'
[3.066s] INFO:colcon.colcon_core.shell:Creating package script '/home/swati/Quad_DR/RotorTM/install/rotor_tm_sim/share/rotor_tm_sim/package.zsh'
[3.066s] Level 1:colcon.colcon_core.environment:create_file_with_runtime_dependencies(/home/swati/Quad_DR/RotorTM/install/rotor_tm_sim/share/colcon-core/packages/rotor_tm_sim)
[3.066s] DEBUG:colcon.colcon_parallel_executor.executor.parallel:closing loop
[3.066s] DEBUG:colcon.colcon_parallel_executor.executor.parallel:loop closed
[3.066s] DEBUG:colcon.colcon_parallel_executor.executor.parallel:run_until_complete finished with '0'
[3.066s] DEBUG:colcon.colcon_core.event_reactor:joining thread
[3.073s] INFO:colcon.colcon_core.plugin_system:Skipping extension 'colcon_notification.desktop_notification.terminal_notifier': Not used on non-Darwin systems
[3.073s] INFO:colcon.colcon_core.plugin_system:Skipping extension 'colcon_notification.desktop_notification.win32': Not used on non-Windows systems
[3.073s] INFO:colcon.colcon_notification.desktop_notification:Sending desktop notification using 'notify2'
[3.110s] DEBUG:colcon.colcon_core.event_reactor:joined thread
[3.110s] INFO:colcon.colcon_core.shell:Creating prefix script '/home/swati/Quad_DR/RotorTM/install/local_setup.ps1'
[3.111s] INFO:colcon.colcon_core.shell:Creating prefix util module '/home/swati/Quad_DR/RotorTM/install/_local_setup_util_ps1.py'
[3.112s] INFO:colcon.colcon_core.shell:Creating prefix chain script '/home/swati/Quad_DR/RotorTM/install/setup.ps1'
[3.113s] INFO:colcon.colcon_core.shell:Creating prefix script '/home/swati/Quad_DR/RotorTM/install/local_setup.sh'
[3.114s] INFO:colcon.colcon_core.shell:Creating prefix util module '/home/swati/Quad_DR/RotorTM/install/_local_setup_util_sh.py'
[3.114s] INFO:colcon.colcon_core.shell:Creating prefix chain script '/home/swati/Quad_DR/RotorTM/install/setup.sh'
[3.115s] INFO:colcon.colcon_core.shell:Creating prefix script '/home/swati/Quad_DR/RotorTM/install/local_setup.bash'
[3.116s] INFO:colcon.colcon_core.shell:Creating prefix chain script '/home/swati/Quad_DR/RotorTM/install/setup.bash'
[3.117s] INFO:colcon.colcon_core.shell:Creating prefix script '/home/swati/Quad_DR/RotorTM/install/local_setup.zsh'
[3.117s] INFO:colcon.colcon_core.shell:Creating prefix chain script '/home/swati/Quad_DR/RotorTM/install/setup.zsh'
