[1.189s] Invoking command in '/home/swati/Quad_DR/RotorTM/src/rotor_tm_traj': PYTHONPATH=/home/swati/Quad_DR/RotorTM/build/rotor_tm_traj/prefix_override:/usr/lib/python3/dist-packages/colcon_core/task/python/colcon_distutils_commands:/home/swati/Quad_DR/RotorTM/install/rotor_tm_traj/lib/python3.10/site-packages:${PYTHONPATH} /usr/bin/python3 -W ignore:setup.py install is deprecated setup.py egg_info --egg-base ../../build/rotor_tm_traj build --build-base /home/swati/Quad_DR/RotorTM/build/rotor_tm_traj/build install --record /home/swati/Quad_DR/RotorTM/build/rotor_tm_traj/install.log --single-version-externally-managed install_data
[1.293s] /home/swati/.local/lib/python3.10/site-packages/setuptools/_distutils/dist.py:261: UserWarning: Unknown distribution option: 'tests_require'
[1.293s]   warnings.warn(msg)
[1.375s] running egg_info
[1.386s] writing ../../build/rotor_tm_traj/rotor_tm_traj.egg-info/PKG-INFO
[1.386s] writing dependency_links to ../../build/rotor_tm_traj/rotor_tm_traj.egg-info/dependency_links.txt
[1.386s] writing entry points to ../../build/rotor_tm_traj/rotor_tm_traj.egg-info/entry_points.txt
[1.386s] writing requirements to ../../build/rotor_tm_traj/rotor_tm_traj.egg-info/requires.txt
[1.386s] writing top-level names to ../../build/rotor_tm_traj/rotor_tm_traj.egg-info/top_level.txt
[1.419s] reading manifest file '../../build/rotor_tm_traj/rotor_tm_traj.egg-info/SOURCES.txt'
[1.419s] adding license file 'LICENSE'
[1.420s] writing manifest file '../../build/rotor_tm_traj/rotor_tm_traj.egg-info/SOURCES.txt'
[1.420s] running build
[1.420s] running build_py
[1.420s] copying rotor_tm_traj/traj.py -> /home/swati/Quad_DR/RotorTM/build/rotor_tm_traj/build/lib/rotor_tm_traj
[1.421s] copying rotor_tm_traj/traj_node.py -> /home/swati/Quad_DR/RotorTM/build/rotor_tm_traj/build/lib/rotor_tm_traj
[1.421s] copying rotor_tm_traj/Optimization/entire_path/__init__.py -> /home/swati/Quad_DR/RotorTM/build/rotor_tm_traj/build/lib/rotor_tm_traj/Optimization/entire_path
[1.422s] running install
[1.424s] running install_lib
[1.436s] running install_data
[1.436s] copying resource/rotor_tm_traj -> /home/swati/Quad_DR/RotorTM/install/rotor_tm_traj/share/ament_index/resource_index/packages
[1.436s] copying package.xml -> /home/swati/Quad_DR/RotorTM/install/rotor_tm_traj/share/rotor_tm_traj
[1.436s] running install_egg_info
[1.448s] removing '/home/swati/Quad_DR/RotorTM/install/rotor_tm_traj/lib/python3.10/site-packages/rotor_tm_traj-0.0.0-py3.10.egg-info' (and everything under it)
[1.448s] Copying ../../build/rotor_tm_traj/rotor_tm_traj.egg-info to /home/swati/Quad_DR/RotorTM/install/rotor_tm_traj/lib/python3.10/site-packages/rotor_tm_traj-0.0.0-py3.10.egg-info
[1.448s] running install_scripts
[1.534s] Installing traj_node script to /home/swati/Quad_DR/RotorTM/install/rotor_tm_traj/lib/rotor_tm_traj
[1.534s] writing list of installed files to '/home/swati/Quad_DR/RotorTM/build/rotor_tm_traj/install.log'
[1.575s] Invoked command in '/home/swati/Quad_DR/RotorTM/src/rotor_tm_traj' returned '0': PYTHONPATH=/home/swati/Quad_DR/RotorTM/build/rotor_tm_traj/prefix_override:/usr/lib/python3/dist-packages/colcon_core/task/python/colcon_distutils_commands:/home/swati/Quad_DR/RotorTM/install/rotor_tm_traj/lib/python3.10/site-packages:${PYTHONPATH} /usr/bin/python3 -W ignore:setup.py install is deprecated setup.py egg_info --egg-base ../../build/rotor_tm_traj build --build-base /home/swati/Quad_DR/RotorTM/build/rotor_tm_traj/build install --record /home/swati/Quad_DR/RotorTM/build/rotor_tm_traj/install.log --single-version-externally-managed install_data
