[0.786s] Invoking command in '/home/swati/Quad_DR/RotorTM/src/rotor_tm_control': AMENT_PREFIX_PATH=/home/swati/Quad_DR/RotorTM/install/rotor_tm_utils:/home/swati/Quad_DR/RotorTM/install/rotor_tm_msgs:${AMENT_PREFIX_PATH} CMAKE_PREFIX_PATH=/home/swati/Quad_DR/RotorTM/install/rotor_tm_msgs LD_LIBRARY_PATH=/home/swati/Quad_DR/RotorTM/install/rotor_tm_msgs/lib:/opt/hsl/ma27:/usr/lib/x86_64-linux-gnu/gazebo-11/plugins:/opt/ros/humble/opt/rviz_ogre_vendor/lib:/opt/ros/humble/lib/x86_64-linux-gnu:/opt/ros/humble/lib:/usr/share/gazebo/../../lib/x86_64-linux-gnu/gazebo-11/plugins:/home/swati/acados/lib:/home/swati/acados/mpcenv/lib:/home/swati/.casadi_cpp/lib:/opt/hsl/lib PYTHONPATH=/home/swati/Quad_DR/RotorTM/build/rotor_tm_control/prefix_override:/usr/lib/python3/dist-packages/colcon_core/task/python/colcon_distutils_commands:/home/swati/Quad_DR/RotorTM/install/rotor_tm_control/lib/python3.10/site-packages:/home/swati/Quad_DR/RotorTM/install/rotor_tm_utils/lib/python3.10/site-packages:/home/swati/Quad_DR/RotorTM/install/rotor_tm_msgs/local/lib/python3.10/dist-packages:${PYTHONPATH} /usr/bin/python3 -W ignore:setup.py install is deprecated setup.py egg_info --egg-base ../../build/rotor_tm_control build --build-base /home/swati/Quad_DR/RotorTM/build/rotor_tm_control/build install --record /home/swati/Quad_DR/RotorTM/build/rotor_tm_control/install.log --single-version-externally-managed install_data
[0.893s] /home/swati/.local/lib/python3.10/site-packages/setuptools/_distutils/dist.py:261: UserWarning: Unknown distribution option: 'tests_require'
[0.893s]   warnings.warn(msg)
[0.973s] running egg_info
[0.983s] creating ../../build/rotor_tm_control/rotor_tm_control.egg-info
[0.983s] writing ../../build/rotor_tm_control/rotor_tm_control.egg-info/PKG-INFO
[0.984s] writing dependency_links to ../../build/rotor_tm_control/rotor_tm_control.egg-info/dependency_links.txt
[0.984s] writing entry points to ../../build/rotor_tm_control/rotor_tm_control.egg-info/entry_points.txt
[0.984s] writing requirements to ../../build/rotor_tm_control/rotor_tm_control.egg-info/requires.txt
[0.984s] writing top-level names to ../../build/rotor_tm_control/rotor_tm_control.egg-info/top_level.txt
[0.984s] writing manifest file '../../build/rotor_tm_control/rotor_tm_control.egg-info/SOURCES.txt'
[1.015s] reading manifest file '../../build/rotor_tm_control/rotor_tm_control.egg-info/SOURCES.txt'
[1.016s] adding license file 'LICENSE'
[1.016s] writing manifest file '../../build/rotor_tm_control/rotor_tm_control.egg-info/SOURCES.txt'
[1.016s] running build
[1.016s] running build_py
[1.017s] creating /home/swati/Quad_DR/RotorTM/build/rotor_tm_control/build/lib/rotor_tm_control
[1.017s] copying rotor_tm_control/temp.py -> /home/swati/Quad_DR/RotorTM/build/rotor_tm_control/build/lib/rotor_tm_control
[1.017s] copying rotor_tm_control/controller_node.py -> /home/swati/Quad_DR/RotorTM/build/rotor_tm_control/build/lib/rotor_tm_control
[1.017s] copying rotor_tm_control/controller.py -> /home/swati/Quad_DR/RotorTM/build/rotor_tm_control/build/lib/rotor_tm_control
[1.017s] copying rotor_tm_control/__init__.py -> /home/swati/Quad_DR/RotorTM/build/rotor_tm_control/build/lib/rotor_tm_control
[1.017s] running install
[1.020s] running install_lib
[1.031s] creating /home/swati/Quad_DR/RotorTM/install/rotor_tm_control/lib/python3.10/site-packages/rotor_tm_control
[1.031s] copying /home/swati/Quad_DR/RotorTM/build/rotor_tm_control/build/lib/rotor_tm_control/temp.py -> /home/swati/Quad_DR/RotorTM/install/rotor_tm_control/lib/python3.10/site-packages/rotor_tm_control
[1.032s] copying /home/swati/Quad_DR/RotorTM/build/rotor_tm_control/build/lib/rotor_tm_control/controller_node.py -> /home/swati/Quad_DR/RotorTM/install/rotor_tm_control/lib/python3.10/site-packages/rotor_tm_control
[1.032s] copying /home/swati/Quad_DR/RotorTM/build/rotor_tm_control/build/lib/rotor_tm_control/controller.py -> /home/swati/Quad_DR/RotorTM/install/rotor_tm_control/lib/python3.10/site-packages/rotor_tm_control
[1.032s] copying /home/swati/Quad_DR/RotorTM/build/rotor_tm_control/build/lib/rotor_tm_control/__init__.py -> /home/swati/Quad_DR/RotorTM/install/rotor_tm_control/lib/python3.10/site-packages/rotor_tm_control
[1.032s] byte-compiling /home/swati/Quad_DR/RotorTM/install/rotor_tm_control/lib/python3.10/site-packages/rotor_tm_control/temp.py to temp.cpython-310.pyc
[1.034s] byte-compiling /home/swati/Quad_DR/RotorTM/install/rotor_tm_control/lib/python3.10/site-packages/rotor_tm_control/controller_node.py to controller_node.cpython-310.pyc
[1.036s] byte-compiling /home/swati/Quad_DR/RotorTM/install/rotor_tm_control/lib/python3.10/site-packages/rotor_tm_control/controller.py to controller.cpython-310.pyc
[1.038s] byte-compiling /home/swati/Quad_DR/RotorTM/install/rotor_tm_control/lib/python3.10/site-packages/rotor_tm_control/__init__.py to __init__.cpython-310.pyc
[1.038s] running install_data
[1.038s] creating /home/swati/Quad_DR/RotorTM/install/rotor_tm_control/share/ament_index/resource_index/packages
[1.039s] copying resource/rotor_tm_control -> /home/swati/Quad_DR/RotorTM/install/rotor_tm_control/share/ament_index/resource_index/packages
[1.039s] copying package.xml -> /home/swati/Quad_DR/RotorTM/install/rotor_tm_control/share/rotor_tm_control
[1.039s] running install_egg_info
[1.052s] Copying ../../build/rotor_tm_control/rotor_tm_control.egg-info to /home/swati/Quad_DR/RotorTM/install/rotor_tm_control/lib/python3.10/site-packages/rotor_tm_control-0.0.0-py3.10.egg-info
[1.052s] running install_scripts
[1.138s] Installing controller_node script to /home/swati/Quad_DR/RotorTM/install/rotor_tm_control/lib/rotor_tm_control
[1.138s] writing list of installed files to '/home/swati/Quad_DR/RotorTM/build/rotor_tm_control/install.log'
[1.158s] Invoked command in '/home/swati/Quad_DR/RotorTM/src/rotor_tm_control' returned '0': AMENT_PREFIX_PATH=/home/swati/Quad_DR/RotorTM/install/rotor_tm_utils:/home/swati/Quad_DR/RotorTM/install/rotor_tm_msgs:${AMENT_PREFIX_PATH} CMAKE_PREFIX_PATH=/home/swati/Quad_DR/RotorTM/install/rotor_tm_msgs LD_LIBRARY_PATH=/home/swati/Quad_DR/RotorTM/install/rotor_tm_msgs/lib:/opt/hsl/ma27:/usr/lib/x86_64-linux-gnu/gazebo-11/plugins:/opt/ros/humble/opt/rviz_ogre_vendor/lib:/opt/ros/humble/lib/x86_64-linux-gnu:/opt/ros/humble/lib:/usr/share/gazebo/../../lib/x86_64-linux-gnu/gazebo-11/plugins:/home/swati/acados/lib:/home/swati/acados/mpcenv/lib:/home/swati/.casadi_cpp/lib:/opt/hsl/lib PYTHONPATH=/home/swati/Quad_DR/RotorTM/build/rotor_tm_control/prefix_override:/usr/lib/python3/dist-packages/colcon_core/task/python/colcon_distutils_commands:/home/swati/Quad_DR/RotorTM/install/rotor_tm_control/lib/python3.10/site-packages:/home/swati/Quad_DR/RotorTM/install/rotor_tm_utils/lib/python3.10/site-packages:/home/swati/Quad_DR/RotorTM/install/rotor_tm_msgs/local/lib/python3.10/dist-packages:${PYTHONPATH} /usr/bin/python3 -W ignore:setup.py install is deprecated setup.py egg_info --egg-base ../../build/rotor_tm_control build --build-base /home/swati/Quad_DR/RotorTM/build/rotor_tm_control/build install --record /home/swati/Quad_DR/RotorTM/build/rotor_tm_control/install.log --single-version-externally-managed install_data
